******************************************************************************
             TMS320C2000 Linker PC v22.6.3                     
******************************************************************************
>> Linked Tue Mar 24 12:09:48 2026

OUTPUT FILE NAME:   <Avartan_AICI_Project.out>
ENTRY POINT SYMBOL: "code_start"  address: 00080000


MEMORY CONFIGURATION

         name            origin    length      used     unused   attr    fill
----------------------  --------  ---------  --------  --------  ----  --------
  BOOT_RSVD             00000002   000001af  00000000  000001af  RWIX
  RAMM0                 000001b1   0000024f  00000000  0000024f  RWIX
  RAMM1                 00000400   00000400  000003f8  00000008  RWIX
  CLATOCPURAM           00001480   00000080  00000000  00000080  RWIX
  CPUTOCLARAM           00001500   00000080  00000000  00000080  RWIX
  CLATODMARAM           00001680   00000080  00000000  00000080  RWIX
  DMATOCLARAM           00001700   00000080  00000000  00000080  RWIX
  RAMLS0                00008000   00000800  000000eb  00000715  RWIX
  RAMLS1                00008800   00000800  00000000  00000800  RWIX
  RAMLS2                00009000   00000800  00000000  00000800  RWIX
  RAMLS3                00009800   00000800  00000000  00000800  RWIX
  RAMLS4                0000a000   00000800  00000000  00000800  RWIX
  RAMLS5                0000a800   00000800  0000002a  000007d6  RWIX
  RAMLS6                0000b000   00000800  00000000  00000800  RWIX
  RAMLS7                0000b800   00000800  00000000  00000800  RWIX
  RAMD0                 0000c000   00002000  00000000  00002000  RWIX
  RAMD1                 0000e000   00002000  00000000  00002000  RWIX
  RAMGS0                00010000   00002000  00000000  00002000  RWIX
  RAMGS1                00012000   00002000  00000000  00002000  RWIX
  RAMGS2                00014000   00002000  00000000  00002000  RWIX
  RAMGS3                00016000   00002000  00000000  00002000  RWIX
  RAMGS4                00018000   00002000  00000000  00002000  RWIX
  RAMD2                 0001a000   00002000  00000000  00002000  RWIX
  RAMD3                 0001c000   00002000  00000000  00002000  RWIX
  RAMD4                 0001e000   00002000  00000000  00002000  RWIX
  RAMD5                 00020000   00002000  00000000  00002000  RWIX
  RAMLS8                00022000   00002000  00000000  00002000  RWIX
  RAMLS9                00024000   00002000  00000000  00002000  RWIX
  CPU1TOCPU2RAM         0003a000   00000400  00000000  00000400  RWIX
  CPU2TOCPU1RAM         0003b000   00000400  00000000  00000400  RWIX
  CANA_MSG_RAM          00049000   00000800  00000000  00000800  RWIX
  CANB_MSG_RAM          0004b000   00000800  00000000  00000800  RWIX
  BEGIN                 00080000   00000002  00000002  00000000  RWIX
  FLASH_BANK0           00080002   0001fffe  000037f7  0001c807  RWIX
  FLASH_BANK1           000a0000   00020000  00000000  00020000  RWIX
  FLASH_BANK2           000c0000   00020000  00000000  00020000  RWIX
  RESET                 003fffc0   00000002  00000000  00000002  RWIX


SECTION ALLOCATION MAP

 output                                  attributes/
section   page    origin      length       input sections
--------  ----  ----------  ----------   ----------------
codestart 
*          0    00080000    00000002     
                  00080000    00000002     f28p65x_codestartbranch.obj (codestart)

.cinit     0    000837f8    00000014     
                  000837f8    0000000c     (.cinit..data.load) [load image, compression = lzss]
                  00083804    00000004     (__TI_handler_table)
                  00083808    00000004     (__TI_cinit_table)

.reset     0    003fffc0    00000000     DSECT

.stack     0    00000400    000003f8     UNINITIALIZED
                  00000400    000003f8     --HOLE--

.init_array 
*          0    00080008    00000000     UNINITIALIZED

.data      0    0000a800    0000002a     UNINITIALIZED
                  0000a800    00000020     clb_config.obj (.data:TILE0HLCInstr)
                  0000a820    00000006     rts2800_fpu64_eabi.lib : exit.c.obj (.data)
                  0000a826    00000002                            : _lock.c.obj (.data:_lock)
                  0000a828    00000002                            : _lock.c.obj (.data:_unlock)

.const     0    00080008    00000921     
                  00080008    000002b2     board.obj (.const:.string)
                  000802ba    0000009b     driverlib.lib : flash.obj (.const:.string)
                  00080355    00000001     --HOLE-- [fill = 0]
                  00080356    0000009a                   : sysctl.obj (.const:.string)
                  000803f0    00000098                   : gpio.obj (.const:.string)
                  00080488    00000098                   : uart.obj (.const:.string)
                  00080520    00000097                   : adc.obj (.const:.string)
                  000805b7    00000001     --HOLE-- [fill = 0]
                  000805b8    00000097                   : clb.obj (.const:.string)
                  0008064f    00000001     --HOLE-- [fill = 0]
                  00080650    00000097                   : sci.obj (.const:.string)
                  000806e7    00000001     --HOLE-- [fill = 0]
                  000806e8    00000097                   : spi.obj (.const:.string)
                  0008077f    00000001     --HOLE-- [fill = 0]
                  00080780    00000091     device.obj (.const:.string)
                  00080811    00000001     --HOLE-- [fill = 0]
                  00080812    00000050     driverlib.lib : cputimer.obj (.const:.string)
                  00080862    0000004c                   : xbar.obj (.const:.string)
                  000808ae    0000003e     main.obj (.const:.string)
                  000808ec    0000003d     clb_config.obj (.const:.string)

.TI.ramfunc 
*          0    00080930    000000eb     RUN ADDR = 00008000
                  00080930    00000051     driverlib.lib : flash.obj (.TI.ramfunc:Flash_initModule)
                  00080981    00000024                   : flash.obj (.TI.ramfunc:Flash_setWaitstates)
                  000809a5    00000018                   : flash.obj (.TI.ramfunc:Flash_disableCache)
                  000809bd    00000017                   : flash.obj (.TI.ramfunc:Flash_disablePrefetch)
                  000809d4    00000017                   : flash.obj (.TI.ramfunc:Flash_enableCache)
                  000809eb    00000016                   : flash.obj (.TI.ramfunc:Flash_enableECC)
                  00080a01    00000016                   : flash.obj (.TI.ramfunc:Flash_enablePrefetch)
                  00080a17    00000004                   : sysctl.obj (.TI.ramfunc)

.text      0    00080a20    00002dd7     
                  00080a20    000002ff     board.obj (.text:EPWM_init)
                  00080d1f    00000243     board.obj (.text:PinMux_init)
                  00080f62    000001a0     device.obj (.text:Device_enableAllPeripherals)
                  00081102    00000126     driverlib.lib : sysctl.obj (.text:SysCtl_setClock)
                  00081228    00000126     board.obj (.text:myCLB0_init)
                  0008134e    00000120     driverlib.lib : sysctl.obj (.text:SysCtl_isPLLValid)
                  0008146e    000000ee     clb_config.obj (.text:initTILE0)
                  0008155c    000000b3     board.obj (.text:myADC0_init)
                  0008160f    000000a7     board.obj (.text:myADC1_init)
                  000816b6    00000088     rts2800_fpu64_eabi.lib : fs_div28.asm.obj (.text)
                  0008173e    00000080     driverlib.lib : xbar.obj (.text:XBAR_setOutputMuxConfig)
                  000817be    00000073                   : sysctl.obj (.text:DCC_setCounterSeeds)
                  00081831    00000072     board.obj (.text:myADC2_init)
                  000818a3    00000071     driverlib.lib : gpio.obj (.text:GPIO_setAnalogMode)
                  00081914    0000006f     board.obj (.text:CLB_configLocalInputMux)
                  00081983    00000065     driverlib.lib : sysctl.obj (.text:SysCtl_getClock)
                  000819e8    00000064                   : adc.obj (.text:ADC_setINLTrim)
                  00081a4c    0000005d                   : uart.obj (.text:UART_setConfig)
                  00081aa9    0000005c                   : spi.obj (.text:SPI_setConfig)
                  00081b05    00000059                   : clb.obj (.text:CLB_configCounterLoadMatch)
                  00081b5e    00000053     board.obj (.text:EPWM_isBaseValid)
                  00081bb1    00000052     driverlib.lib : gpio.obj (.text:GPIO_setPadConfig)
                  00081c03    0000004f     board.obj (.text:CLB_configGlobalInputMux)
                  00081c52    00000049     driverlib.lib : adc.obj (.text:ADC_setVREF)
                  00081c9b    00000049     board.obj (.text:INTERRUPT_init)
                  00081ce4    00000047     device.obj (.text:Device_init)
                  00081d2b    00000047     driverlib.lib : sysctl.obj (.text:SysCtl_selectOscSource)
                  00081d72    00000046     board.obj (.text:ADC_setupSOC)
                  00081db8    00000046     driverlib.lib : sysctl.obj (.text:SysCtl_selectXTAL)
                  00081dfe    00000045                   : sci.obj (.text:SCI_clearInterruptStatus)
                  00081e43    00000045                   : sysctl.obj (.text:SysCtl_pollX1Counter)
                  00081e88    00000045     board.obj (.text:XBAR_invertOutputSignal)
                  00081ecd    00000045     board.obj (.text:XBAR_setOutputLatchMode)
                  00081f12    00000040     board.obj (.text:EPWM_setActionQualifierAction)
                  00081f52    0000003e     board.obj (.text:EPWM_setCounterCompareShadowLoadMode)
                  00081f90    0000003e     main.obj (.text:INT_PS1_XINT_ISR)
                  00081fce    0000003e     main.obj (.text:INT_PS2_XINT_ISR)
                  0008200c    0000003e     main.obj (.text:INT_PS3_XINT_ISR)
                  0008204a    0000003e     main.obj (.text:INT_PS4_XINT_ISR)
                  00082088    0000003e     main.obj (.text:INT_PS5_XINT_ISR)
                  000820c6    0000003e     main.obj (.text:INT_myCPUTIMER0_ISR)
                  00082104    0000003e     driverlib.lib : sci.obj (.text:SCI_setConfig)
                  00082142    0000003d                   : interrupt.obj (.text:Interrupt_initModule)
                  0008217f    0000003d     board.obj (.text:mySCI0_init)
                  000821bc    0000003d     board.obj (.text:mySCI1_init)
                  000821f9    0000003a     board.obj (.text:EPWM_setActionQualifierShadowLoadMode)
                  00082233    00000037     driverlib.lib : gpio.obj (.text:GPIO_setControllerCore)
                  0008226a    00000037                   : gpio.obj (.text:GPIO_setInterruptPin)
                  000822a1    00000037                   : gpio.obj (.text:GPIO_setPinConfig)
                  000822d8    00000037                   : gpio.obj (.text:GPIO_setQualificationMode)
                  0008230f    00000037                   : interrupt.obj (.text:Interrupt_enable)
                  00082346    00000034     board.obj (.text:XBAR_enableOutputMux)
                  0008237a    00000033     board.obj (.text:mySPI0_init)
                  000823ad    00000031     driverlib.lib : gpio.obj (.text:GPIO_setDirectionMode)
                  000823de    00000030     board.obj (.text:myUART0_init)
                  0008240e    00000030     board.obj (.text:myUART1_init)
                  0008243e    0000002f     board.obj (.text:ADC_setInterruptSource)
                  0008246d    0000002f     driverlib.lib : xbar.obj (.text:XBAR_setCLBMuxConfig)
                  0008249c    0000002e     board.obj (.text:ADC_setInterruptSOCTrigger)
                  000824ca    0000002e     clb_config.obj (.text:CLB_writeInterface)
                  000824f8    0000002e     driverlib.lib : clb.obj (.text:CLB_writeInterface)
                  00082526    0000002e     rts2800_fpu64_eabi.lib : copy_decompress_lzss.c.obj (.text:decompress:lzss)
                  00082554    0000002d     board.obj (.text:GPIO_init)
                  00082581    0000002b     rts2800_fpu64_eabi.lib : autoinit.c.obj (.text:__TI_auto_init_nobinit_nopinit)
                  000825ac    0000002a     clb_config.obj (.text:CLB_setHLCRegisters)
                  000825d6    0000002a     board.obj (.text:XBAR_setInputPin)
                  00082600    0000002a     driverlib.lib : gpio.obj (.text:XBAR_setInputPin)
                  0008262a    00000029     rts2800_fpu64_eabi.lib : exit.c.obj (.text)
                  00082653    00000028     driverlib.lib : uart.obj (.text:UART_disableModule)
                  0008267b    00000027     board.obj (.text:GPIO_writePin)
                  000826a2    00000027     main.obj (.text:GPIO_writePin)
                  000826c9    00000026     board.obj (.text:SCI_setFIFOInterruptLevel)
                  000826ef    00000026     board.obj (.text:SPI_setFIFOInterruptLevel)
                  00082715    00000026     board.obj (.text:myCPUTIMER0_init)
                  0008273b    00000025     board.obj (.text:Board_init)
                  00082760    00000025     board.obj (.text:CLB_selectInputFilter)
                  00082785    00000025     driverlib.lib : sysctl.obj (.text:SysCtl_selectXTALSingleEnded)
                  000827aa    00000024     clb_config.obj (.text:CLB_selectFSMInputs)
                  000827ce    00000024     clb_config.obj (.text:CLB_selectLUT4Inputs)
                  000827f2    00000024     driverlib.lib : sysctl.obj (.text:DCC_enableSingleShotMode)
                  00082816    00000024     device.obj (.text:Device_initGPIO)
                  0008283a    00000023     board.obj (.text:CLB_isBaseValid)
                  0008285d    00000023     clb_config.obj (.text:CLB_isBaseValid)
                  00082880    00000023     driverlib.lib : clb.obj (.text:CLB_isBaseValid)
                  000828a3    00000023     board.obj (.text:XBAR_isBaseValid)
                  000828c6    00000023     driverlib.lib : gpio.obj (.text:XBAR_isBaseValid)
                  000828e9    00000023                   : xbar.obj (.text:XBAR_isBaseValid)
                  0008290c    00000023     main.obj (.text:main)
                  0008292f    00000022     board.obj (.text:CLB_configGPInputMux)
                  00082951    00000022     board.obj (.text:CLB_setOutputMask)
                  00082973    00000022     board.obj (.text:EPWM_setCounterCompareValue)
                  00082995    00000021     board.obj (.text:ADC_disableContinuousMode)
                  000829b6    00000020     board.obj (.text:ADC_enableInterrupt)
                  000829d6    0000001f     clb_config.obj (.text:CLB_configFSMNextState)
                  000829f5    0000001f     clb_config.obj (.text:CLB_programHLCInstruction)
                  00082a14    0000001f     board.obj (.text:DAC_setShadowValue)
                  00082a33    0000001f     board.obj (.text:EPWM_setFallingEdgeDelayCountShadowLoadMode)
                  00082a52    0000001f     board.obj (.text:EPWM_setRisingEdgeDelayCountShadowLoadMode)
                  00082a71    0000001f     driverlib.lib : flash.obj (.text:Flash_writeTrims)
                  00082a90    0000001f     board.obj (.text:myCLB_OUTPUTXBAR1_init)
                  00082aaf    0000001e     clb_config.obj (.text:CLB_selectCounterInputs)
                  00082acd    0000001e     driverlib.lib : sysctl.obj (.text:DCC_setCounter0ClkSource)
                  00082aeb    0000001e                   : sysctl.obj (.text:DCC_setCounter1ClkSource)
                  00082b09    0000001e     board.obj (.text:EPWM_setPhaseShift)
                  00082b27    0000001e     driverlib.lib : interrupt.obj (.text:Interrupt_initVectorTable)
                  00082b45    0000001e     board.obj (.text:myCLB_OUTPUTXBAR0_init)
                  00082b63    0000001d     driverlib.lib : adc.obj (.text:ADC_setMode)
                  00082b80    0000001d     board.obj (.text:SCI_enableFIFO)
                  00082b9d    0000001d     board.obj (.text:myDAC0_init)
                  00082bba    0000001d     board.obj (.text:myDAC1_init)
                  00082bd7    0000001d     rts2800_fpu64_eabi.lib : memcpy.c.obj (.text)
                  00082bf4    0000001c     board.obj (.text:ADC_setSOCPriority)
                  00082c10    0000001c     board.obj (.text:CLB_configSPIBufferLoadSignal)
                  00082c2c    0000001c     board.obj (.text:CLB_configSPIBufferShift)
                  00082c48    0000001c     board.obj (.text:EPWM_setClockPrescaler)
                  00082c64    0000001b     clb_config.obj (.text:CLB_configAOC)
                  00082c7f    0000001b     clb_config.obj (.text:CLB_configOutputLUT)
                  00082c9a    0000001b     board.obj (.text:SPI_isBaseValid)
                  00082cb5    0000001b     driverlib.lib : spi.obj (.text:SPI_isBaseValid)
                  00082cd0    0000001b                   : uart.obj (.text:UART_enableModule)
                  00082ceb    0000001a     clb_config.obj (.text:CLB_configFSMLUTFunction)
                  00082d05    0000001a     clb_config.obj (.text:CLB_configLUT4Function)
                  00082d1f    0000001a     board.obj (.text:CLB_disableInputPipelineMode)
                  00082d39    0000001a     board.obj (.text:CPUTimer_startTimer)
                  00082d53    0000001a     driverlib.lib : sysctl.obj (.text:DCC_isBaseValid)
                  00082d6d    0000001a     board.obj (.text:EPWM_disableActionQualifierShadowLoadMode)
                  00082d87    0000001a     board.obj (.text:SPI_setEmulationMode)
                  00082da1    0000001a     board.obj (.text:SPI_setPTESignalPolarity)
                  00082dbb    0000001a     driverlib.lib : sysctl.obj (.text:SysCtl_getLowSpeedClock)
                  00082dd5    00000019     board.obj (.text:RELAY_init)
                  00082dee    00000019     driverlib.lib : sysctl.obj (.text:SysCtl_setPLLSysClk)
                  00082e07    00000019     rts2800_fpu64_eabi.lib : boot28.asm.obj (.text)
                  00082e20    00000018     board.obj (.text:ASysCtl_setAnalogReferenceExternal)
                  00082e38    00000018     board.obj (.text:EPWM_disableFallingEdgeDelayCountShadowLoadMode)
                  00082e50    00000018     board.obj (.text:EPWM_disableRisingEdgeDelayCountShadowLoadMode)
                  00082e68    00000018     driverlib.lib : sci.obj (.text:SCI_disableModule)
                  00082e80    00000018     board.obj (.text:SCI_performSoftwareReset)
                  00082e98    00000018     driverlib.lib : sci.obj (.text:SCI_performSoftwareReset)
                  00082eb0    00000018     board.obj (.text:SCI_resetChannels)
                  00082ec8    00000018     board.obj (.text:SCI_resetRxFIFO)
                  00082ee0    00000018     board.obj (.text:SCI_resetTxFIFO)
                  00082ef8    00000018     board.obj (.text:SPI_enableFIFO)
                  00082f10    00000017     board.obj (.text:ADC_isBaseValid)
                  00082f27    00000017     driverlib.lib : adc.obj (.text:ADC_isBaseValid)
                  00082f3e    00000017     board.obj (.text:CLB_enableSynchronization)
                  00082f55    00000017     board.obj (.text:CPUTimer_isBaseValid)
                  00082f6c    00000017     driverlib.lib : cputimer.obj (.text:CPUTimer_isBaseValid)
                  00082f83    00000017     board.obj (.text:CPUTimer_setPreScaler)
                  00082f9a    00000017     device.obj (.text:SysCtl_enablePeripheral)
                  00082fb1    00000017     driverlib.lib : sysctl.obj (.text:SysCtl_enablePeripheral)
                  00082fc8    00000017     board.obj (.text:UART_disableFIFO)
                  00082fdf    00000017     board.obj (.text:UART_disableLoopback)
                  00082ff6    00000016     driverlib.lib : adc.obj (.text:ADC_selectOffsetTrimMode)
                  0008300c    00000016     board.obj (.text:ADC_setInterruptCycleOffset)
                  00083022    00000016     board.obj (.text:ADC_setInterruptPulseMode)
                  00083038    00000016     board.obj (.text:ADC_setPrescaler)
                  0008304e    00000016     clb_config.obj (.text:CLB_disablePipelineMode)
                  00083064    00000016     board.obj (.text:CLB_enableCLB)
                  0008307a    00000016     board.obj (.text:DAC_setLoadMode)
                  00083090    00000016     driverlib.lib : sysctl.obj (.text:DCC_disableDoneSignal)
                  000830a6    00000016                   : interrupt.obj (.text:Interrupt_defaultHandler)
                  000830bc    00000015     board.obj (.text:ADC_disableBurstMode)
                  000830d1    00000015     clb_config.obj (.text:CLB_configCounterTapSelects)
                  000830e6    00000015     clb_config.obj (.text:CLB_configHLCEventSelect)
                  000830fb    00000015     clb_config.obj (.text:CLB_configMiscCtrlModes)
                  00083110    00000015     board.obj (.text:CLB_disableSPIBufferAccess)
                  00083125    00000015     board.obj (.text:CLB_enableOutputMaskUpdates)
                  0008313a    00000015     board.obj (.text:CPUTimer_enableInterrupt)
                  0008314f    00000015     board.obj (.text:DAC_enableOutput)
                  00083164    00000015     board.obj (.text:DAC_setGainMode)
                  00083179    00000015     board.obj (.text:DAC_setReferenceVoltage)
                  0008318e    00000015     driverlib.lib : sysctl.obj (.text:DCC_clearDoneFlag)
                  000831a3    00000015                   : sysctl.obj (.text:DCC_clearErrorFlag)
                  000831b8    00000015                   : sysctl.obj (.text:DCC_disableErrorSignal)
                  000831cd    00000015     device.obj (.text:GPIO_unlockPortConfig)
                  000831e2    00000015     board.obj (.text:UART_enableModuleNonFIFO)
                  000831f7    00000015     board.obj (.text:UART_isBaseValid)
                  0008320c    00000015     driverlib.lib : uart.obj (.text:UART_isBaseValid)
                  00083221    00000014     board.obj (.text:ADC_clearInterruptStatus)
                  00083235    00000014     board.obj (.text:CC_A_init)
                  00083249    00000014     board.obj (.text:CC_B_init)
                  0008325d    00000014     board.obj (.text:CC_C_init)
                  00083271    00000014     board.obj (.text:CC_D_init)
                  00083285    00000014     board.obj (.text:CLB_setGPREG)
                  00083299    00000014     board.obj (.text:CPUTimer_reloadTimerCounter)
                  000832ad    00000014     board.obj (.text:CPUTimer_stopTimer)
                  000832c1    00000014     driverlib.lib : sysctl.obj (.text:DCC_disableModule)
                  000832d5    00000014                   : sysctl.obj (.text:DCC_enableModule)
                  000832e9    00000014     board.obj (.text:ENC_A_init)
                  000832fd    00000014     board.obj (.text:ENC_B_init)
                  00083311    00000014     board.obj (.text:EPWM_setTimeBaseCounterMode)
                  00083325    00000014     board.obj (.text:EPWM_setTimeBasePeriod)
                  00083339    00000014     board.obj (.text:FAN_TACH_init)
                  0008334d    00000014     board.obj (.text:GPIO_isPinValid)
                  00083361    00000014     driverlib.lib : gpio.obj (.text:GPIO_isPinValid)
                  00083375    00000014     main.obj (.text:GPIO_isPinValid)
                  00083389    00000014     board.obj (.text:IGBT_DRIVE_init)
                  0008339d    00000014     board.obj (.text:LED_2_GPIO_init)
                  000833b1    00000014     board.obj (.text:LED_GPIO_init)
                  000833c5    00000014     board.obj (.text:OC_A_init)
                  000833d9    00000014     board.obj (.text:OC_B_init)
                  000833ed    00000014     board.obj (.text:OC_C_init)
                  00083401    00000014     board.obj (.text:OC_D_init)
                  00083415    00000014     board.obj (.text:PFC_init)
                  00083429    00000014     board.obj (.text:PS1_init)
                  0008343d    00000014     board.obj (.text:PS2_init)
                  00083451    00000014     board.obj (.text:PS3_init)
                  00083465    00000014     board.obj (.text:PS4_init)
                  00083479    00000014     board.obj (.text:PS5_init)
                  0008348d    00000014     board.obj (.text:SW_init)
                  000834a1    00000014     board.obj (.text:UART_enableInterrupt)
                  000834b5    00000013     board.obj (.text:ADC_enableAltDMATiming)
                  000834c8    00000013     board.obj (.text:ADC_enableConverter)
                  000834db    00000013     driverlib.lib : cputimer.obj (.text:CPUTimer_setEmulationMode)
                  000834ee    00000013     board.obj (.text:DAC_isBaseValid)
                  00083501    00000013     board.obj (.text:SCI_clearOverflowStatus)
                  00083514    00000013     board.obj (.text:SCI_enableModule)
                  00083527    00000013     driverlib.lib : sci.obj (.text:SCI_enableModule)
                  0008353a    00000013     board.obj (.text:SCI_isBaseValid)
                  0008354d    00000013     driverlib.lib : sci.obj (.text:SCI_isBaseValid)
                  00083560    00000013     board.obj (.text:UART_clearInterruptStatus)
                  00083573    00000012     board.obj (.text:EPWM_setTimeBaseCounter)
                  00083585    00000012     board.obj (.text:SysCtl_setSyncOutputConfig)
                  00083597    00000011     board.obj (.text:CPUTimer_setPeriod)
                  000835a8    00000011     board.obj (.text:EPWM_disablePhaseShiftLoad)
                  000835b9    00000011     board.obj (.text:SCI_disableLoopback)
                  000835ca    00000011     board.obj (.text:SPI_disableLoopback)
                  000835db    00000011     board.obj (.text:SPI_disableModule)
                  000835ec    00000011     board.obj (.text:SPI_enableModule)
                  000835fd    00000010     driverlib.lib : flash.obj (.text:Flash_isCtrlBaseValid)
                  0008360d    00000010                   : flash.obj (.text:Flash_isECCBaseValid)
                  0008361d    00000010     board.obj (.text:GPIO_setInterruptType)
                  0008362d    0000000f     board.obj (.text:Interrupt_register)
                  0008363c    0000000f     driverlib.lib : ipc.obj (.text:Interrupt_unregister)
                  0008364b    0000000e     clb_config.obj (.text:CLB_isAddressValid)
                  00083659    0000000e     driverlib.lib : clb.obj (.text:CLB_isAddressValid)
                  00083667    0000000e     board.obj (.text:XBAR_enableCLBMux)
                  00083675    0000000d     driverlib.lib : interrupt.obj (.text:Interrupt_disableGlobal)
                  00083682    0000000d                   : interrupt.obj (.text:Interrupt_enableGlobal)
                  0008368f    0000000d     device.obj (.text:SysCtl_setLowSpeedClock)
                  0008369c    0000000c     board.obj (.text:PS1_XINT_init)
                  000836a8    0000000c     board.obj (.text:PS2_XINT_init)
                  000836b4    0000000c     board.obj (.text:PS3_XINT_init)
                  000836c0    0000000c     board.obj (.text:PS4_XINT_init)
                  000836cc    0000000c     board.obj (.text:PS5_XINT_init)
                  000836d8    0000000c     board.obj (.text:SysCtl_enableExtADCSOCSource)
                  000836e4    0000000c     rts2800_fpu64_eabi.lib : args_main.c.obj (.text)
                  000836f0    0000000b     board.obj (.text:INPUTXBAR_init)
                  000836fb    0000000b     device.obj (.text:SysCtl_disableWatchdog)
                  00083706    0000000b     driverlib.lib : sysctl.obj (.text:SysCtl_isMCDClockFailureDetected)
                  00083711    0000000b     board.obj (.text:XINT_init)
                  0008371c    0000000b     board.obj (.text:myCLBXBAR1_init)
                  00083727    0000000b     board.obj (.text:myCLBXBAR2_init)
                  00083732    0000000a     driverlib.lib : interrupt.obj (.text:Interrupt_illegalOperationHandler)
                  0008373c    0000000a                   : interrupt.obj (.text:Interrupt_nmiHandler)
                  00083746    0000000a     board.obj (.text:SYNC_init)
                  00083750    0000000a     board.obj (.text:myCLBXBAR0_init)
                  0008375a    00000009     board.obj (.text:GPIO_enableInterrupt)
                  00083763    00000009     rts2800_fpu64_eabi.lib : _lock.c.obj (.text)
                  0008376c    00000008     driverlib.lib : adc.obj (.text:ADC_setOffsetTrim)
                  00083774    00000008     rts2800_fpu64_eabi.lib : copy_decompress_none.c.obj (.text:decompress:none)
                  0008377c    00000008     f28p65x_codestartbranch.obj (.text)
                  00083784    00000007     board.obj (.text:ADC_init)
                  0008378b    00000007     board.obj (.text:ASysCtl_disableTemperatureSensor)
                  00083792    00000007     board.obj (.text:CLBXBAR_init)
                  00083799    00000007     driverlib.lib : sysctl.obj (.text:SysCtl_resetMCD)
                  000837a0    00000007     device.obj (.text:__error__)
                  000837a7    00000007     board.obj (.text:myINPUTXBARINPUT0_init)
                  000837ae    00000007     board.obj (.text:myINPUTXBARINPUT1_init)
                  000837b5    00000007     board.obj (.text:myINPUTXBARINPUT2_init)
                  000837bc    00000007     board.obj (.text:myINPUTXBARINPUT3_init)
                  000837c3    00000007     board.obj (.text:myINPUTXBARINPUT4_init)
                  000837ca    00000006     board.obj (.text:ASYSCTL_init)
                  000837d0    00000006     main.obj (.text:Interrupt_clearACKGroup)
                  000837d6    00000005     board.obj (.text:CLB_OUTPUTXBAR_init)
                  000837db    00000005     board.obj (.text:DAC_init)
                  000837e0    00000005     board.obj (.text:SCI_init)
                  000837e5    00000005     board.obj (.text:UART_init)
                  000837ea    00000003     board.obj (.text:CLB_init)
                  000837ed    00000003     board.obj (.text:CPUTIMER_init)
                  000837f0    00000003     board.obj (.text:SPI_init)
                  000837f3    00000002     rts2800_fpu64_eabi.lib : pre_init.c.obj (.text)
                  000837f5    00000001     c2000ware_libraries.obj (.text:C2000Ware_libraries_init)
                  000837f6    00000001     rts2800_fpu64_eabi.lib : startup.c.obj (.text)

MODULE SUMMARY

       Module                        code    ro data   rw data
       ------                        ----    -------   -------
    .\
       main.obj                      472     62        0      
    +--+-----------------------------+-------+---------+---------+
       Total:                        472     62        0      
                                                              
    .\device\
       device.obj                    598     145       0      
       f28p65x_codestartbranch.obj   10      0         0      
    +--+-----------------------------+-------+---------+---------+
       Total:                        608     145       0      
                                                              
    .\syscfg\
       board.obj                     6129    690       0      
       clb_config.obj                730     61        32     
       c2000ware_libraries.obj       1       0         0      
    +--+-----------------------------+-------+---------+---------+
       Total:                        6860    751       32     
                                                              
    C:/ti/C2000Ware_6_00_01_00/driverlib/f28p65x/driverlib/ccs/Debug/driverlib.lib
       sysctl.obj                    1392    154       0      
       gpio.obj                      561     152       0      
       flash.obj                     525     155       0      
       adc.obj                       255     151       0      
       sci.obj                       217     151       0      
       clb.obj                       184     151       0      
       uart.obj                      181     152       0      
       xbar.obj                      210     76        0      
       spi.obj                       119     151       0      
       interrupt.obj                 214     0         0      
       cputimer.obj                  42      80        0      
       ipc.obj                       15      0         0      
    +--+-----------------------------+-------+---------+---------+
       Total:                        3915    1373      0      
                                                              
    C:\ti\ccs2041\ccs\tools\compiler\ti-cgt-c2000_22.6.3.LTS\lib\rts2800_fpu64_eabi.lib
       fs_div28.asm.obj              136     0         0      
       exit.c.obj                    41      0         6      
       copy_decompress_lzss.c.obj    46      0         0      
       autoinit.c.obj                43      0         0      
       memcpy.c.obj                  29      0         0      
       boot28.asm.obj                25      0         0      
       _lock.c.obj                   9       0         4      
       args_main.c.obj               12      0         0      
       copy_decompress_none.c.obj    8       0         0      
       pre_init.c.obj                2       0         0      
       startup.c.obj                 1       0         0      
    +--+-----------------------------+-------+---------+---------+
       Total:                        352     0         10     
                                                              
       Stack:                        0       0         1016   
       Linker Generated:             0       20        0      
    +--+-----------------------------+-------+---------+---------+
       Grand Total:                  12207   2351      1058   


LINKER GENERATED COPY TABLES

__TI_cinit_table @ 00083808 records: 1, size/record: 4, table size: 4
	.data: load addr=000837f8, load size=0000000c bytes, run addr=0000a800, run size=0000002a bytes, compression=lzss


LINKER GENERATED HANDLER TABLE

__TI_handler_table @ 00083804 records: 2, size/record: 2, table size: 4
	index: 0, handler: __TI_decompress_lzss
	index: 1, handler: __TI_decompress_none


GLOBAL DATA SYMBOLS: SORTED BY DATA PAGE

address     data page           name
--------    ----------------    ----
00000400      10 (00000400)     __stack

0000a800     2a0 (0000a800)     TILE0HLCInstr
0000a820     2a0 (0000a800)     __TI_enable_exit_profile_output
0000a822     2a0 (0000a800)     __TI_cleanup_ptr
0000a824     2a0 (0000a800)     __TI_dtors_ptr
0000a826     2a0 (0000a800)     _lock
0000a828     2a0 (0000a800)     _unlock


GLOBAL SYMBOLS: SORTED ALPHABETICALLY BY Name 

page  address   name                             
----  -------   ----                             
0     00083784  ADC_init                         
0     000819e8  ADC_setINLTrim                   
0     00082b63  ADC_setMode                      
0     0008376c  ADC_setOffsetTrim                
0     00081c52  ADC_setVREF                      
0     000837ca  ASYSCTL_init                     
0     0008273b  Board_init                       
0     0008262a  C$$EXIT                          
0     000837f5  C2000Ware_libraries_init         
0     00083235  CC_A_init                        
0     00083249  CC_B_init                        
0     0008325d  CC_C_init                        
0     00083271  CC_D_init                        
0     00083792  CLBXBAR_init                     
0     000837d6  CLB_OUTPUTXBAR_init              
0     00081b05  CLB_configCounterLoadMatch       
0     000837ea  CLB_init                         
0     000837ed  CPUTIMER_init                    
0     000834db  CPUTimer_setEmulationMode        
0     000837db  DAC_init                         
0     00080f62  Device_enableAllPeripherals      
0     00081ce4  Device_init                      
0     00082816  Device_initGPIO                  
0     000832e9  ENC_A_init                       
0     000832fd  ENC_B_init                       
0     00080a20  EPWM_init                        
0     00083339  FAN_TACH_init                    
0     00008000  Flash_initModule                 
0     00082554  GPIO_init                        
0     000818a3  GPIO_setAnalogMode               
0     00082233  GPIO_setControllerCore           
0     000823ad  GPIO_setDirectionMode            
0     0008226a  GPIO_setInterruptPin             
0     00081bb1  GPIO_setPadConfig                
0     000822a1  GPIO_setPinConfig                
0     000822d8  GPIO_setQualificationMode        
0     00083389  IGBT_DRIVE_init                  
0     000836f0  INPUTXBAR_init                   
0     00081c9b  INTERRUPT_init                   
0     00081f90  INT_PS1_XINT_ISR                 
0     00081fce  INT_PS2_XINT_ISR                 
0     0008200c  INT_PS3_XINT_ISR                 
0     0008204a  INT_PS4_XINT_ISR                 
0     00082088  INT_PS5_XINT_ISR                 
0     000820c6  INT_myCPUTIMER0_ISR              
0     000830a6  Interrupt_defaultHandler         
0     0008230f  Interrupt_enable                 
0     00083732  Interrupt_illegalOperationHandler
0     00082142  Interrupt_initModule             
0     00082b27  Interrupt_initVectorTable        
0     0008373c  Interrupt_nmiHandler             
0     0008339d  LED_2_GPIO_init                  
0     000833b1  LED_GPIO_init                    
0     000833c5  OC_A_init                        
0     000833d9  OC_B_init                        
0     000833ed  OC_C_init                        
0     00083401  OC_D_init                        
0     00083415  PFC_init                         
0     0008369c  PS1_XINT_init                    
0     00083429  PS1_init                         
0     000836a8  PS2_XINT_init                    
0     0008343d  PS2_init                         
0     000836b4  PS3_XINT_init                    
0     00083451  PS3_init                         
0     000836c0  PS4_XINT_init                    
0     00083465  PS4_init                         
0     000836cc  PS5_XINT_init                    
0     00083479  PS5_init                         
0     00080d1f  PinMux_init                      
0     00082dd5  RELAY_init                       
0     00080a1b  RamfuncsLoadEnd                  
abs   000000eb  RamfuncsLoadSize                 
0     00080930  RamfuncsLoadStart                
0     000080eb  RamfuncsRunEnd                   
abs   000000eb  RamfuncsRunSize                  
0     00008000  RamfuncsRunStart                 
0     00081dfe  SCI_clearInterruptStatus         
0     000837e0  SCI_init                         
0     00082104  SCI_setConfig                    
0     000837f0  SPI_init                         
0     00081aa9  SPI_setConfig                    
0     0008348d  SW_init                          
0     00083746  SYNC_init                        
0     000080e7  SysCtl_delay                     
0     00081983  SysCtl_getClock                  
0     00082dbb  SysCtl_getLowSpeedClock          
0     0008134e  SysCtl_isPLLValid                
0     00081d2b  SysCtl_selectOscSource           
0     00081db8  SysCtl_selectXTAL                
0     00082785  SysCtl_selectXTALSingleEnded     
0     00081102  SysCtl_setClock                  
0     0000a800  TILE0HLCInstr                    
0     000837e5  UART_init                        
0     00081a4c  UART_setConfig                   
0     0008246d  XBAR_setCLBMuxConfig             
0     0008173e  XBAR_setOutputMuxConfig          
0     00083711  XINT_init                        
0     00083808  __TI_CINIT_Base                  
0     0008380c  __TI_CINIT_Limit                 
0     0008380c  __TI_CINIT_Warm                  
0     00083804  __TI_Handler_Table_Base          
0     00083808  __TI_Handler_Table_Limit         
0     000007f8  __TI_STACK_END                   
abs   000003f8  __TI_STACK_SIZE                  
0     00082581  __TI_auto_init_nobinit_nopinit   
0     0000a822  __TI_cleanup_ptr                 
0     00082526  __TI_decompress_lzss             
0     00083774  __TI_decompress_none             
0     0000a824  __TI_dtors_ptr                   
0     0000a820  __TI_enable_exit_profile_output  
abs   ffffffff  __TI_pprof_out_hndl              
abs   ffffffff  __TI_prof_data_size              
abs   ffffffff  __TI_prof_data_start             
0     000816b6  __c28xabi_divf                   
n/a   UNDEFED   __c_args__                       
0     000837a0  __error__                        
0     00000400  __stack                          
0     000836e4  _args_main                       
0     00082e07  _c_int00                         
0     0000a826  _lock                            
0     0008376b  _nop                             
0     00083767  _register_lock                   
0     00083763  _register_unlock                 
0     000837f6  _system_post_cinit               
0     000837f3  _system_pre_init                 
0     0000a828  _unlock                          
0     0008262a  abort                            
0     00080000  code_start                       
0     0008262c  exit                             
0     0008146e  initTILE0                        
0     0008290c  main                             
0     00082bd7  memcpy                           
0     0008155c  myADC0_init                      
0     0008160f  myADC1_init                      
0     00081831  myADC2_init                      
0     00081228  myCLB0_init                      
0     00083750  myCLBXBAR0_init                  
0     0008371c  myCLBXBAR1_init                  
0     00083727  myCLBXBAR2_init                  
0     00082b45  myCLB_OUTPUTXBAR0_init           
0     00082a90  myCLB_OUTPUTXBAR1_init           
0     00082715  myCPUTIMER0_init                 
0     00082b9d  myDAC0_init                      
0     00082bba  myDAC1_init                      
0     000837a7  myINPUTXBARINPUT0_init           
0     000837ae  myINPUTXBARINPUT1_init           
0     000837b5  myINPUTXBARINPUT2_init           
0     000837bc  myINPUTXBARINPUT3_init           
0     000837c3  myINPUTXBARINPUT4_init           
0     0008217f  mySCI0_init                      
0     000821bc  mySCI1_init                      
0     0008237a  mySPI0_init                      
0     000823de  myUART0_init                     
0     0008240e  myUART1_init                     


GLOBAL SYMBOLS: SORTED BY Symbol Address 

page  address   name                             
----  -------   ----                             
0     00000400  __stack                          
0     000007f8  __TI_STACK_END                   
0     00008000  Flash_initModule                 
0     00008000  RamfuncsRunStart                 
0     000080e7  SysCtl_delay                     
0     000080eb  RamfuncsRunEnd                   
0     0000a800  TILE0HLCInstr                    
0     0000a820  __TI_enable_exit_profile_output  
0     0000a822  __TI_cleanup_ptr                 
0     0000a824  __TI_dtors_ptr                   
0     0000a826  _lock                            
0     0000a828  _unlock                          
0     00080000  code_start                       
0     00080930  RamfuncsLoadStart                
0     00080a1b  RamfuncsLoadEnd                  
0     00080a20  EPWM_init                        
0     00080d1f  PinMux_init                      
0     00080f62  Device_enableAllPeripherals      
0     00081102  SysCtl_setClock                  
0     00081228  myCLB0_init                      
0     0008134e  SysCtl_isPLLValid                
0     0008146e  initTILE0                        
0     0008155c  myADC0_init                      
0     0008160f  myADC1_init                      
0     000816b6  __c28xabi_divf                   
0     0008173e  XBAR_setOutputMuxConfig          
0     00081831  myADC2_init                      
0     000818a3  GPIO_setAnalogMode               
0     00081983  SysCtl_getClock                  
0     000819e8  ADC_setINLTrim                   
0     00081a4c  UART_setConfig                   
0     00081aa9  SPI_setConfig                    
0     00081b05  CLB_configCounterLoadMatch       
0     00081bb1  GPIO_setPadConfig                
0     00081c52  ADC_setVREF                      
0     00081c9b  INTERRUPT_init                   
0     00081ce4  Device_init                      
0     00081d2b  SysCtl_selectOscSource           
0     00081db8  SysCtl_selectXTAL                
0     00081dfe  SCI_clearInterruptStatus         
0     00081f90  INT_PS1_XINT_ISR                 
0     00081fce  INT_PS2_XINT_ISR                 
0     0008200c  INT_PS3_XINT_ISR                 
0     0008204a  INT_PS4_XINT_ISR                 
0     00082088  INT_PS5_XINT_ISR                 
0     000820c6  INT_myCPUTIMER0_ISR              
0     00082104  SCI_setConfig                    
0     00082142  Interrupt_initModule             
0     0008217f  mySCI0_init                      
0     000821bc  mySCI1_init                      
0     00082233  GPIO_setControllerCore           
0     0008226a  GPIO_setInterruptPin             
0     000822a1  GPIO_setPinConfig                
0     000822d8  GPIO_setQualificationMode        
0     0008230f  Interrupt_enable                 
0     0008237a  mySPI0_init                      
0     000823ad  GPIO_setDirectionMode            
0     000823de  myUART0_init                     
0     0008240e  myUART1_init                     
0     0008246d  XBAR_setCLBMuxConfig             
0     00082526  __TI_decompress_lzss             
0     00082554  GPIO_init                        
0     00082581  __TI_auto_init_nobinit_nopinit   
0     0008262a  C$$EXIT                          
0     0008262a  abort                            
0     0008262c  exit                             
0     00082715  myCPUTIMER0_init                 
0     0008273b  Board_init                       
0     00082785  SysCtl_selectXTALSingleEnded     
0     00082816  Device_initGPIO                  
0     0008290c  main                             
0     00082a90  myCLB_OUTPUTXBAR1_init           
0     00082b27  Interrupt_initVectorTable        
0     00082b45  myCLB_OUTPUTXBAR0_init           
0     00082b63  ADC_setMode                      
0     00082b9d  myDAC0_init                      
0     00082bba  myDAC1_init                      
0     00082bd7  memcpy                           
0     00082dbb  SysCtl_getLowSpeedClock          
0     00082dd5  RELAY_init                       
0     00082e07  _c_int00                         
0     000830a6  Interrupt_defaultHandler         
0     00083235  CC_A_init                        
0     00083249  CC_B_init                        
0     0008325d  CC_C_init                        
0     00083271  CC_D_init                        
0     000832e9  ENC_A_init                       
0     000832fd  ENC_B_init                       
0     00083339  FAN_TACH_init                    
0     00083389  IGBT_DRIVE_init                  
0     0008339d  LED_2_GPIO_init                  
0     000833b1  LED_GPIO_init                    
0     000833c5  OC_A_init                        
0     000833d9  OC_B_init                        
0     000833ed  OC_C_init                        
0     00083401  OC_D_init                        
0     00083415  PFC_init                         
0     00083429  PS1_init                         
0     0008343d  PS2_init                         
0     00083451  PS3_init                         
0     00083465  PS4_init                         
0     00083479  PS5_init                         
0     0008348d  SW_init                          
0     000834db  CPUTimer_setEmulationMode        
0     0008369c  PS1_XINT_init                    
0     000836a8  PS2_XINT_init                    
0     000836b4  PS3_XINT_init                    
0     000836c0  PS4_XINT_init                    
0     000836cc  PS5_XINT_init                    
0     000836e4  _args_main                       
0     000836f0  INPUTXBAR_init                   
0     00083711  XINT_init                        
0     0008371c  myCLBXBAR1_init                  
0     00083727  myCLBXBAR2_init                  
0     00083732  Interrupt_illegalOperationHandler
0     0008373c  Interrupt_nmiHandler             
0     00083746  SYNC_init                        
0     00083750  myCLBXBAR0_init                  
0     00083763  _register_unlock                 
0     00083767  _register_lock                   
0     0008376b  _nop                             
0     0008376c  ADC_setOffsetTrim                
0     00083774  __TI_decompress_none             
0     00083784  ADC_init                         
0     00083792  CLBXBAR_init                     
0     000837a0  __error__                        
0     000837a7  myINPUTXBARINPUT0_init           
0     000837ae  myINPUTXBARINPUT1_init           
0     000837b5  myINPUTXBARINPUT2_init           
0     000837bc  myINPUTXBARINPUT3_init           
0     000837c3  myINPUTXBARINPUT4_init           
0     000837ca  ASYSCTL_init                     
0     000837d6  CLB_OUTPUTXBAR_init              
0     000837db  DAC_init                         
0     000837e0  SCI_init                         
0     000837e5  UART_init                        
0     000837ea  CLB_init                         
0     000837ed  CPUTIMER_init                    
0     000837f0  SPI_init                         
0     000837f3  _system_pre_init                 
0     000837f5  C2000Ware_libraries_init         
0     000837f6  _system_post_cinit               
0     00083804  __TI_Handler_Table_Base          
0     00083808  __TI_CINIT_Base                  
0     00083808  __TI_Handler_Table_Limit         
0     0008380c  __TI_CINIT_Limit                 
0     0008380c  __TI_CINIT_Warm                  
abs   000000eb  RamfuncsLoadSize                 
abs   000000eb  RamfuncsRunSize                  
abs   000003f8  __TI_STACK_SIZE                  
abs   ffffffff  __TI_pprof_out_hndl              
abs   ffffffff  __TI_prof_data_size              
abs   ffffffff  __TI_prof_data_start             
n/a   UNDEFED   __c_args__                       

[154 symbols]
