<?xml version="1.0" encoding="ISO-8859-1" ?>
<link_info>
   <banner>TMS320C2000 Linker PC v22.6.3.LTS</banner>
   <copyright>Copyright (c) 1996-2018 Texas Instruments Incorporated</copyright>
   <link_time>0x69c231b4</link_time>
   <link_errors>0x0</link_errors>
   <output_file>Avartan_AICI_Project.out</output_file>
   <entry_point>
      <name>code_start</name>
      <address>0x80000</address>
   </entry_point>
   <input_file_list>
      <input_file id="fl-2">
         <path>.\syscfg\</path>
         <kind>object</kind>
         <file>board.obj</file>
         <name>board.obj</name>
      </input_file>
      <input_file id="fl-3">
         <path>.\syscfg\</path>
         <kind>object</kind>
         <file>clb_config.obj</file>
         <name>clb_config.obj</name>
      </input_file>
      <input_file id="fl-4">
         <path>.\syscfg\</path>
         <kind>object</kind>
         <file>clb_sim.obj</file>
         <name>clb_sim.obj</name>
      </input_file>
      <input_file id="fl-5">
         <path>.\syscfg\</path>
         <kind>object</kind>
         <file>c2000ware_libraries.obj</file>
         <name>c2000ware_libraries.obj</name>
      </input_file>
      <input_file id="fl-6">
         <path>.\</path>
         <kind>object</kind>
         <file>main.obj</file>
         <name>main.obj</name>
      </input_file>
      <input_file id="fl-7">
         <path>.\device\</path>
         <kind>object</kind>
         <file>device.obj</file>
         <name>device.obj</name>
      </input_file>
      <input_file id="fl-8">
         <path>.\device\</path>
         <kind>object</kind>
         <file>f28p65x_codestartbranch.obj</file>
         <name>f28p65x_codestartbranch.obj</name>
      </input_file>
      <input_file id="fl-e">
         <kind>object</kind>
         <file>&lt;internal&gt;</file>
         <name>&lt;internal&gt;</name>
      </input_file>
      <input_file id="fl-f">
         <path>C:\ti\C2000Ware_6_00_01_00\driverlib\f28p65x\driverlib\ccs\Debug\</path>
         <kind>archive</kind>
         <file>driverlib.lib</file>
         <name>adc.obj</name>
      </input_file>
      <input_file id="fl-10">
         <path>C:\ti\C2000Ware_6_00_01_00\driverlib\f28p65x\driverlib\ccs\Debug\</path>
         <kind>archive</kind>
         <file>driverlib.lib</file>
         <name>clb.obj</name>
      </input_file>
      <input_file id="fl-11">
         <path>C:\ti\C2000Ware_6_00_01_00\driverlib\f28p65x\driverlib\ccs\Debug\</path>
         <kind>archive</kind>
         <file>driverlib.lib</file>
         <name>cputimer.obj</name>
      </input_file>
      <input_file id="fl-12">
         <path>C:\ti\C2000Ware_6_00_01_00\driverlib\f28p65x\driverlib\ccs\Debug\</path>
         <kind>archive</kind>
         <file>driverlib.lib</file>
         <name>dcc.obj</name>
      </input_file>
      <input_file id="fl-13">
         <path>C:\ti\C2000Ware_6_00_01_00\driverlib\f28p65x\driverlib\ccs\Debug\</path>
         <kind>archive</kind>
         <file>driverlib.lib</file>
         <name>flash.obj</name>
      </input_file>
      <input_file id="fl-14">
         <path>C:\ti\C2000Ware_6_00_01_00\driverlib\f28p65x\driverlib\ccs\Debug\</path>
         <kind>archive</kind>
         <file>driverlib.lib</file>
         <name>gpio.obj</name>
      </input_file>
      <input_file id="fl-15">
         <path>C:\ti\C2000Ware_6_00_01_00\driverlib\f28p65x\driverlib\ccs\Debug\</path>
         <kind>archive</kind>
         <file>driverlib.lib</file>
         <name>interrupt.obj</name>
      </input_file>
      <input_file id="fl-16">
         <path>C:\ti\C2000Ware_6_00_01_00\driverlib\f28p65x\driverlib\ccs\Debug\</path>
         <kind>archive</kind>
         <file>driverlib.lib</file>
         <name>ipc.obj</name>
      </input_file>
      <input_file id="fl-17">
         <path>C:\ti\C2000Ware_6_00_01_00\driverlib\f28p65x\driverlib\ccs\Debug\</path>
         <kind>archive</kind>
         <file>driverlib.lib</file>
         <name>sci.obj</name>
      </input_file>
      <input_file id="fl-18">
         <path>C:\ti\C2000Ware_6_00_01_00\driverlib\f28p65x\driverlib\ccs\Debug\</path>
         <kind>archive</kind>
         <file>driverlib.lib</file>
         <name>spi.obj</name>
      </input_file>
      <input_file id="fl-19">
         <path>C:\ti\C2000Ware_6_00_01_00\driverlib\f28p65x\driverlib\ccs\Debug\</path>
         <kind>archive</kind>
         <file>driverlib.lib</file>
         <name>sysctl.obj</name>
      </input_file>
      <input_file id="fl-1a">
         <path>C:\ti\C2000Ware_6_00_01_00\driverlib\f28p65x\driverlib\ccs\Debug\</path>
         <kind>archive</kind>
         <file>driverlib.lib</file>
         <name>uart.obj</name>
      </input_file>
      <input_file id="fl-1b">
         <path>C:\ti\C2000Ware_6_00_01_00\driverlib\f28p65x\driverlib\ccs\Debug\</path>
         <kind>archive</kind>
         <file>driverlib.lib</file>
         <name>xbar.obj</name>
      </input_file>
      <input_file id="fl-27">
         <path>C:\ti\ccs2041\ccs\tools\compiler\ti-cgt-c2000_22.6.3.LTS\lib\</path>
         <kind>archive</kind>
         <file>rts2800_fpu64_eabi.lib</file>
         <name>boot28.asm.obj</name>
      </input_file>
      <input_file id="fl-28">
         <path>C:\ti\ccs2041\ccs\tools\compiler\ti-cgt-c2000_22.6.3.LTS\lib\</path>
         <kind>archive</kind>
         <file>rts2800_fpu64_eabi.lib</file>
         <name>fs_div28.asm.obj</name>
      </input_file>
      <input_file id="fl-29">
         <path>C:\ti\ccs2041\ccs\tools\compiler\ti-cgt-c2000_22.6.3.LTS\lib\</path>
         <kind>archive</kind>
         <file>rts2800_fpu64_eabi.lib</file>
         <name>memcpy.c.obj</name>
      </input_file>
      <input_file id="fl-2a">
         <path>C:\ti\ccs2041\ccs\tools\compiler\ti-cgt-c2000_22.6.3.LTS\lib\</path>
         <kind>archive</kind>
         <file>rts2800_fpu64_eabi.lib</file>
         <name>pre_init.c.obj</name>
      </input_file>
      <input_file id="fl-2b">
         <path>C:\ti\ccs2041\ccs\tools\compiler\ti-cgt-c2000_22.6.3.LTS\lib\</path>
         <kind>archive</kind>
         <file>rts2800_fpu64_eabi.lib</file>
         <name>autoinit.c.obj</name>
      </input_file>
      <input_file id="fl-2c">
         <path>C:\ti\ccs2041\ccs\tools\compiler\ti-cgt-c2000_22.6.3.LTS\lib\</path>
         <kind>archive</kind>
         <file>rts2800_fpu64_eabi.lib</file>
         <name>copy_zero_init.c.obj</name>
      </input_file>
      <input_file id="fl-2d">
         <path>C:\ti\ccs2041\ccs\tools\compiler\ti-cgt-c2000_22.6.3.LTS\lib\</path>
         <kind>archive</kind>
         <file>rts2800_fpu64_eabi.lib</file>
         <name>copy_decompress_none.c.obj</name>
      </input_file>
      <input_file id="fl-2e">
         <path>C:\ti\ccs2041\ccs\tools\compiler\ti-cgt-c2000_22.6.3.LTS\lib\</path>
         <kind>archive</kind>
         <file>rts2800_fpu64_eabi.lib</file>
         <name>copy_decompress_lzss.c.obj</name>
      </input_file>
      <input_file id="fl-2f">
         <path>C:\ti\ccs2041\ccs\tools\compiler\ti-cgt-c2000_22.6.3.LTS\lib\</path>
         <kind>archive</kind>
         <file>rts2800_fpu64_eabi.lib</file>
         <name>exit.c.obj</name>
      </input_file>
      <input_file id="fl-30">
         <path>C:\ti\ccs2041\ccs\tools\compiler\ti-cgt-c2000_22.6.3.LTS\lib\</path>
         <kind>archive</kind>
         <file>rts2800_fpu64_eabi.lib</file>
         <name>_lock.c.obj</name>
      </input_file>
      <input_file id="fl-31">
         <path>C:\ti\ccs2041\ccs\tools\compiler\ti-cgt-c2000_22.6.3.LTS\lib\</path>
         <kind>archive</kind>
         <file>rts2800_fpu64_eabi.lib</file>
         <name>args_main.c.obj</name>
      </input_file>
      <input_file id="fl-32">
         <path>C:\ti\ccs2041\ccs\tools\compiler\ti-cgt-c2000_22.6.3.LTS\lib\</path>
         <kind>archive</kind>
         <file>rts2800_fpu64_eabi.lib</file>
         <name>memset.c.obj</name>
      </input_file>
      <input_file id="fl-33">
         <path>C:\ti\ccs2041\ccs\tools\compiler\ti-cgt-c2000_22.6.3.LTS\lib\</path>
         <kind>archive</kind>
         <file>rts2800_fpu64_eabi.lib</file>
         <name>cpy_tbl.c.obj</name>
      </input_file>
      <input_file id="fl-34">
         <path>C:\ti\ccs2041\ccs\tools\compiler\ti-cgt-c2000_22.6.3.LTS\lib\</path>
         <kind>archive</kind>
         <file>rts2800_fpu64_eabi.lib</file>
         <name>startup.c.obj</name>
      </input_file>
   </input_file_list>
   <object_component_list>
      <object_component id="oc-22">
         <name>codestart</name>
         <load_address>0x80000</load_address>
         <run_address>0x80000</run_address>
         <size>0x2</size>
         <input_file_ref idref="fl-8"/>
      </object_component>
      <object_component id="oc-216">
         <name>.text:EPWM_init</name>
         <load_address>0x80a20</load_address>
         <run_address>0x80a20</run_address>
         <size>0x2ff</size>
         <input_file_ref idref="fl-2"/>
      </object_component>
      <object_component id="oc-1da">
         <name>.text:PinMux_init</name>
         <load_address>0x80d1f</load_address>
         <run_address>0x80d1f</run_address>
         <size>0x243</size>
         <input_file_ref idref="fl-2"/>
      </object_component>
      <object_component id="oc-1ca">
         <name>.text:Device_enableAllPeripherals</name>
         <load_address>0x80f62</load_address>
         <run_address>0x80f62</run_address>
         <size>0x1a0</size>
         <input_file_ref idref="fl-7"/>
      </object_component>
      <object_component id="oc-1ab">
         <name>.text:SysCtl_setClock</name>
         <load_address>0x81102</load_address>
         <run_address>0x81102</run_address>
         <size>0x126</size>
         <input_file_ref idref="fl-19"/>
      </object_component>
      <object_component id="oc-31b">
         <name>.text:myCLB0_init</name>
         <load_address>0x81228</load_address>
         <run_address>0x81228</run_address>
         <size>0x126</size>
         <input_file_ref idref="fl-2"/>
      </object_component>
      <object_component id="oc-29f">
         <name>.text:SysCtl_isPLLValid</name>
         <load_address>0x8134e</load_address>
         <run_address>0x8134e</run_address>
         <size>0x120</size>
         <input_file_ref idref="fl-19"/>
      </object_component>
      <object_component id="oc-5a4">
         <name>.text:initTILE0</name>
         <load_address>0x8146e</load_address>
         <run_address>0x8146e</run_address>
         <size>0xee</size>
         <input_file_ref idref="fl-3"/>
      </object_component>
      <object_component id="oc-308">
         <name>.text:myADC0_init</name>
         <load_address>0x8155c</load_address>
         <run_address>0x8155c</run_address>
         <size>0xb3</size>
         <input_file_ref idref="fl-2"/>
      </object_component>
      <object_component id="oc-30e">
         <name>.text:myADC1_init</name>
         <load_address>0x8160f</load_address>
         <run_address>0x8160f</run_address>
         <size>0xa7</size>
         <input_file_ref idref="fl-2"/>
      </object_component>
      <object_component id="oc-497">
         <name>.text</name>
         <load_address>0x816b6</load_address>
         <run_address>0x816b6</run_address>
         <size>0x88</size>
         <input_file_ref idref="fl-28"/>
      </object_component>
      <object_component id="oc-5bd">
         <name>.text:XBAR_setOutputMuxConfig</name>
         <load_address>0x8173e</load_address>
         <run_address>0x8173e</run_address>
         <size>0x80</size>
         <input_file_ref idref="fl-1b"/>
      </object_component>
      <object_component id="oc-4cc">
         <name>.text:DCC_setCounterSeeds</name>
         <load_address>0x817be</load_address>
         <run_address>0x817be</run_address>
         <size>0x73</size>
         <input_file_ref idref="fl-19"/>
      </object_component>
      <object_component id="oc-314">
         <name>.text:myADC2_init</name>
         <load_address>0x81831</load_address>
         <run_address>0x81831</run_address>
         <size>0x72</size>
         <input_file_ref idref="fl-2"/>
      </object_component>
      <object_component id="oc-2bc">
         <name>.text:GPIO_setAnalogMode</name>
         <load_address>0x818a3</load_address>
         <run_address>0x818a3</run_address>
         <size>0x71</size>
         <input_file_ref idref="fl-14"/>
      </object_component>
      <object_component id="oc-57a">
         <name>.text:CLB_configLocalInputMux</name>
         <load_address>0x81914</load_address>
         <run_address>0x81914</run_address>
         <size>0x6f</size>
         <input_file_ref idref="fl-2"/>
      </object_component>
      <object_component id="oc-1b7">
         <name>.text:SysCtl_getClock</name>
         <load_address>0x81983</load_address>
         <run_address>0x81983</run_address>
         <size>0x65</size>
         <input_file_ref idref="fl-19"/>
      </object_component>
      <object_component id="oc-74f">
         <name>.text:ADC_setINLTrim</name>
         <load_address>0x819e8</load_address>
         <run_address>0x819e8</run_address>
         <size>0x64</size>
         <input_file_ref idref="fl-f"/>
      </object_component>
      <object_component id="oc-6d7">
         <name>.text:UART_setConfig</name>
         <load_address>0x81a4c</load_address>
         <run_address>0x81a4c</run_address>
         <size>0x5d</size>
         <input_file_ref idref="fl-1a"/>
      </object_component>
      <object_component id="oc-6ac">
         <name>.text:SPI_setConfig</name>
         <load_address>0x81aa9</load_address>
         <run_address>0x81aa9</run_address>
         <size>0x5c</size>
         <input_file_ref idref="fl-18"/>
      </object_component>
      <object_component id="oc-7b6">
         <name>.text:CLB_configCounterLoadMatch</name>
         <load_address>0x81b05</load_address>
         <run_address>0x81b05</run_address>
         <size>0x59</size>
         <input_file_ref idref="fl-10"/>
      </object_component>
      <object_component id="oc-625">
         <name>.text:EPWM_isBaseValid</name>
         <load_address>0x81b5e</load_address>
         <run_address>0x81b5e</run_address>
         <size>0x53</size>
         <input_file_ref idref="fl-2"/>
      </object_component>
      <object_component id="oc-2c2">
         <name>.text:GPIO_setPadConfig</name>
         <load_address>0x81bb1</load_address>
         <run_address>0x81bb1</run_address>
         <size>0x52</size>
         <input_file_ref idref="fl-14"/>
      </object_component>
      <object_component id="oc-580">
         <name>.text:CLB_configGlobalInputMux</name>
         <load_address>0x81c03</load_address>
         <run_address>0x81c03</run_address>
         <size>0x4f</size>
         <input_file_ref idref="fl-2"/>
      </object_component>
      <object_component id="oc-4ff">
         <name>.text:ADC_setVREF</name>
         <load_address>0x81c52</load_address>
         <run_address>0x81c52</run_address>
         <size>0x49</size>
         <input_file_ref idref="fl-f"/>
      </object_component>
      <object_component id="oc-2e">
         <name>.text:INTERRUPT_init</name>
         <load_address>0x81c9b</load_address>
         <run_address>0x81c9b</run_address>
         <size>0x49</size>
         <input_file_ref idref="fl-2"/>
      </object_component>
      <object_component id="oc-161">
         <name>.text:Device_init</name>
         <load_address>0x81ce4</load_address>
         <run_address>0x81ce4</run_address>
         <size>0x47</size>
         <input_file_ref idref="fl-7"/>
      </object_component>
      <object_component id="oc-293">
         <name>.text:SysCtl_selectOscSource</name>
         <load_address>0x81d2b</load_address>
         <run_address>0x81d2b</run_address>
         <size>0x47</size>
         <input_file_ref idref="fl-19"/>
      </object_component>
      <object_component id="oc-535">
         <name>.text:ADC_setupSOC</name>
         <load_address>0x81d72</load_address>
         <run_address>0x81d72</run_address>
         <size>0x46</size>
         <input_file_ref idref="fl-2"/>
      </object_component>
      <object_component id="oc-489">
         <name>.text:SysCtl_selectXTAL</name>
         <load_address>0x81db8</load_address>
         <run_address>0x81db8</run_address>
         <size>0x46</size>
         <input_file_ref idref="fl-19"/>
      </object_component>
      <object_component id="oc-662">
         <name>.text:SCI_clearInterruptStatus</name>
         <load_address>0x81dfe</load_address>
         <run_address>0x81dfe</run_address>
         <size>0x45</size>
         <input_file_ref idref="fl-17"/>
      </object_component>
      <object_component id="oc-714">
         <name>.text:SysCtl_pollX1Counter</name>
         <load_address>0x81e43</load_address>
         <run_address>0x81e43</run_address>
         <size>0x45</size>
         <input_file_ref idref="fl-19"/>
      </object_component>
      <object_component id="oc-5b7">
         <name>.text:XBAR_invertOutputSignal</name>
         <load_address>0x81e88</load_address>
         <run_address>0x81e88</run_address>
         <size>0x45</size>
         <input_file_ref idref="fl-2"/>
      </object_component>
      <object_component id="oc-5b1">
         <name>.text:XBAR_setOutputLatchMode</name>
         <load_address>0x81ecd</load_address>
         <run_address>0x81ecd</run_address>
         <size>0x45</size>
         <input_file_ref idref="fl-2"/>
      </object_component>
      <object_component id="oc-392">
         <name>.text:EPWM_setActionQualifierAction</name>
         <load_address>0x81f12</load_address>
         <run_address>0x81f12</run_address>
         <size>0x40</size>
         <input_file_ref idref="fl-2"/>
      </object_component>
      <object_component id="oc-380">
         <name>.text:EPWM_setCounterCompareShadowLoadMode</name>
         <load_address>0x81f52</load_address>
         <run_address>0x81f52</run_address>
         <size>0x3e</size>
         <input_file_ref idref="fl-2"/>
      </object_component>
      <object_component id="oc-39">
         <name>.text:INT_PS1_XINT_ISR</name>
         <load_address>0x81f90</load_address>
         <run_address>0x81f90</run_address>
         <size>0x3e</size>
         <input_file_ref idref="fl-6"/>
      </object_component>
      <object_component id="oc-3f">
         <name>.text:INT_PS2_XINT_ISR</name>
         <load_address>0x81fce</load_address>
         <run_address>0x81fce</run_address>
         <size>0x3e</size>
         <input_file_ref idref="fl-6"/>
      </object_component>
      <object_component id="oc-45">
         <name>.text:INT_PS3_XINT_ISR</name>
         <load_address>0x8200c</load_address>
         <run_address>0x8200c</run_address>
         <size>0x3e</size>
         <input_file_ref idref="fl-6"/>
      </object_component>
      <object_component id="oc-4b">
         <name>.text:INT_PS4_XINT_ISR</name>
         <load_address>0x8204a</load_address>
         <run_address>0x8204a</run_address>
         <size>0x3e</size>
         <input_file_ref idref="fl-6"/>
      </object_component>
      <object_component id="oc-51">
         <name>.text:INT_PS5_XINT_ISR</name>
         <load_address>0x82088</load_address>
         <run_address>0x82088</run_address>
         <size>0x3e</size>
         <input_file_ref idref="fl-6"/>
      </object_component>
      <object_component id="oc-2d">
         <name>.text:INT_myCPUTIMER0_ISR</name>
         <load_address>0x820c6</load_address>
         <run_address>0x820c6</run_address>
         <size>0x3e</size>
         <input_file_ref idref="fl-6"/>
      </object_component>
      <object_component id="oc-680">
         <name>.text:SCI_setConfig</name>
         <load_address>0x82104</load_address>
         <run_address>0x82104</run_address>
         <size>0x3e</size>
         <input_file_ref idref="fl-17"/>
      </object_component>
      <object_component id="oc-16d">
         <name>.text:Interrupt_initModule</name>
         <load_address>0x82142</load_address>
         <run_address>0x82142</run_address>
         <size>0x3d</size>
         <input_file_ref idref="fl-15"/>
      </object_component>
      <object_component id="oc-436">
         <name>.text:mySCI0_init</name>
         <load_address>0x8217f</load_address>
         <run_address>0x8217f</run_address>
         <size>0x3d</size>
         <input_file_ref idref="fl-2"/>
      </object_component>
      <object_component id="oc-43c">
         <name>.text:mySCI1_init</name>
         <load_address>0x821bc</load_address>
         <run_address>0x821bc</run_address>
         <size>0x3d</size>
         <input_file_ref idref="fl-2"/>
      </object_component>
      <object_component id="oc-38c">
         <name>.text:EPWM_setActionQualifierShadowLoadMode</name>
         <load_address>0x821f9</load_address>
         <run_address>0x821f9</run_address>
         <size>0x3a</size>
         <input_file_ref idref="fl-2"/>
      </object_component>
      <object_component id="oc-640">
         <name>.text:GPIO_setControllerCore</name>
         <load_address>0x82233</load_address>
         <run_address>0x82233</run_address>
         <size>0x37</size>
         <input_file_ref idref="fl-14"/>
      </object_component>
      <object_component id="oc-703">
         <name>.text:GPIO_setInterruptPin</name>
         <load_address>0x8226a</load_address>
         <run_address>0x8226a</run_address>
         <size>0x37</size>
         <input_file_ref idref="fl-14"/>
      </object_component>
      <object_component id="oc-2b6">
         <name>.text:GPIO_setPinConfig</name>
         <load_address>0x822a1</load_address>
         <run_address>0x822a1</run_address>
         <size>0x37</size>
         <input_file_ref idref="fl-14"/>
      </object_component>
      <object_component id="oc-2c8">
         <name>.text:GPIO_setQualificationMode</name>
         <load_address>0x822d8</load_address>
         <run_address>0x822d8</run_address>
         <size>0x37</size>
         <input_file_ref idref="fl-14"/>
      </object_component>
      <object_component id="oc-9e">
         <name>.text:Interrupt_enable</name>
         <load_address>0x8230f</load_address>
         <run_address>0x8230f</run_address>
         <size>0x37</size>
         <input_file_ref idref="fl-15"/>
      </object_component>
      <object_component id="oc-5c3">
         <name>.text:XBAR_enableOutputMux</name>
         <load_address>0x82346</load_address>
         <run_address>0x82346</run_address>
         <size>0x34</size>
         <input_file_ref idref="fl-2"/>
      </object_component>
      <object_component id="oc-443">
         <name>.text:mySPI0_init</name>
         <load_address>0x8237a</load_address>
         <run_address>0x8237a</run_address>
         <size>0x33</size>
         <input_file_ref idref="fl-2"/>
      </object_component>
      <object_component id="oc-63a">
         <name>.text:GPIO_setDirectionMode</name>
         <load_address>0x823ad</load_address>
         <run_address>0x823ad</run_address>
         <size>0x31</size>
         <input_file_ref idref="fl-14"/>
      </object_component>
      <object_component id="oc-44a">
         <name>.text:myUART0_init</name>
         <load_address>0x823de</load_address>
         <run_address>0x823de</run_address>
         <size>0x30</size>
         <input_file_ref idref="fl-2"/>
      </object_component>
      <object_component id="oc-450">
         <name>.text:myUART1_init</name>
         <load_address>0x8240e</load_address>
         <run_address>0x8240e</run_address>
         <size>0x30</size>
         <input_file_ref idref="fl-2"/>
      </object_component>
      <object_component id="oc-542">
         <name>.text:ADC_setInterruptSource</name>
         <load_address>0x8243e</load_address>
         <run_address>0x8243e</run_address>
         <size>0x2f</size>
         <input_file_ref idref="fl-2"/>
      </object_component>
      <object_component id="oc-5cb">
         <name>.text:XBAR_setCLBMuxConfig</name>
         <load_address>0x8246d</load_address>
         <run_address>0x8246d</run_address>
         <size>0x2f</size>
         <input_file_ref idref="fl-1b"/>
      </object_component>
      <object_component id="oc-53b">
         <name>.text:ADC_setInterruptSOCTrigger</name>
         <load_address>0x8249c</load_address>
         <run_address>0x8249c</run_address>
         <size>0x2e</size>
         <input_file_ref idref="fl-2"/>
      </object_component>
      <object_component id="oc-8b0">
         <name>.text:CLB_writeInterface</name>
         <load_address>0x824ca</load_address>
         <run_address>0x824ca</run_address>
         <size>0x2e</size>
         <input_file_ref idref="fl-3"/>
      </object_component>
      <object_component id="oc-8a6">
         <name>.text:CLB_writeInterface</name>
         <load_address>0x824f8</load_address>
         <run_address>0x824f8</run_address>
         <size>0x2e</size>
         <input_file_ref idref="fl-10"/>
      </object_component>
      <object_component id="oc-15">
         <name>.text:decompress:lzss</name>
         <load_address>0x82526</load_address>
         <run_address>0x82526</run_address>
         <size>0x2e</size>
         <input_file_ref idref="fl-2e"/>
      </object_component>
      <object_component id="oc-21c">
         <name>.text:GPIO_init</name>
         <load_address>0x82554</load_address>
         <run_address>0x82554</run_address>
         <size>0x2d</size>
         <input_file_ref idref="fl-2"/>
      </object_component>
      <object_component id="oc-109">
         <name>.text:__TI_auto_init_nobinit_nopinit</name>
         <load_address>0x82581</load_address>
         <run_address>0x82581</run_address>
         <size>0x2b</size>
         <input_file_ref idref="fl-2b"/>
      </object_component>
      <object_component id="oc-7c8">
         <name>.text:CLB_setHLCRegisters</name>
         <load_address>0x825ac</load_address>
         <run_address>0x825ac</run_address>
         <size>0x2a</size>
         <input_file_ref idref="fl-3"/>
      </object_component>
      <object_component id="oc-4ef">
         <name>.text:XBAR_setInputPin</name>
         <load_address>0x825d6</load_address>
         <run_address>0x825d6</run_address>
         <size>0x2a</size>
         <input_file_ref idref="fl-2"/>
      </object_component>
      <object_component id="oc-874">
         <name>.text:XBAR_setInputPin</name>
         <load_address>0x82600</load_address>
         <run_address>0x82600</run_address>
         <size>0x2a</size>
         <input_file_ref idref="fl-14"/>
      </object_component>
      <object_component id="oc-fb">
         <name>.text</name>
         <load_address>0x8262a</load_address>
         <run_address>0x8262a</run_address>
         <size>0x29</size>
         <input_file_ref idref="fl-2f"/>
      </object_component>
      <object_component id="oc-85a">
         <name>.text:UART_disableModule</name>
         <load_address>0x82653</load_address>
         <run_address>0x82653</run_address>
         <size>0x28</size>
         <input_file_ref idref="fl-1a"/>
      </object_component>
      <object_component id="oc-652">
         <name>.text:GPIO_writePin</name>
         <load_address>0x8267b</load_address>
         <run_address>0x8267b</run_address>
         <size>0x27</size>
         <input_file_ref idref="fl-2"/>
      </object_component>
      <object_component id="oc-17f">
         <name>.text:GPIO_writePin</name>
         <load_address>0x826a2</load_address>
         <run_address>0x826a2</run_address>
         <size>0x27</size>
         <input_file_ref idref="fl-6"/>
      </object_component>
      <object_component id="oc-692">
         <name>.text:SCI_setFIFOInterruptLevel</name>
         <load_address>0x826c9</load_address>
         <run_address>0x826c9</run_address>
         <size>0x26</size>
         <input_file_ref idref="fl-2"/>
      </object_component>
      <object_component id="oc-6be">
         <name>.text:SPI_setFIFOInterruptLevel</name>
         <load_address>0x826ef</load_address>
         <run_address>0x826ef</run_address>
         <size>0x26</size>
         <input_file_ref idref="fl-2"/>
      </object_component>
      <object_component id="oc-342">
         <name>.text:myCPUTIMER0_init</name>
         <load_address>0x82715</load_address>
         <run_address>0x82715</run_address>
         <size>0x26</size>
         <input_file_ref idref="fl-2"/>
      </object_component>
      <object_component id="oc-173">
         <name>.text:Board_init</name>
         <load_address>0x8273b</load_address>
         <run_address>0x8273b</run_address>
         <size>0x25</size>
         <input_file_ref idref="fl-2"/>
      </object_component>
      <object_component id="oc-592">
         <name>.text:CLB_selectInputFilter</name>
         <load_address>0x82760</load_address>
         <run_address>0x82760</run_address>
         <size>0x25</size>
         <input_file_ref idref="fl-2"/>
      </object_component>
      <object_component id="oc-48f">
         <name>.text:SysCtl_selectXTALSingleEnded</name>
         <load_address>0x82785</load_address>
         <run_address>0x82785</run_address>
         <size>0x25</size>
         <input_file_ref idref="fl-19"/>
      </object_component>
      <object_component id="oc-798">
         <name>.text:CLB_selectFSMInputs</name>
         <load_address>0x827aa</load_address>
         <run_address>0x827aa</run_address>
         <size>0x24</size>
         <input_file_ref idref="fl-3"/>
      </object_component>
      <object_component id="oc-78c">
         <name>.text:CLB_selectLUT4Inputs</name>
         <load_address>0x827ce</load_address>
         <run_address>0x827ce</run_address>
         <size>0x24</size>
         <input_file_ref idref="fl-3"/>
      </object_component>
      <object_component id="oc-4d2">
         <name>.text:DCC_enableSingleShotMode</name>
         <load_address>0x827f2</load_address>
         <run_address>0x827f2</run_address>
         <size>0x24</size>
         <input_file_ref idref="fl-19"/>
      </object_component>
      <object_component id="oc-167">
         <name>.text:Device_initGPIO</name>
         <load_address>0x82816</load_address>
         <run_address>0x82816</run_address>
         <size>0x24</size>
         <input_file_ref idref="fl-7"/>
      </object_component>
      <object_component id="oc-768">
         <name>.text:CLB_isBaseValid</name>
         <load_address>0x8283a</load_address>
         <run_address>0x8283a</run_address>
         <size>0x23</size>
         <input_file_ref idref="fl-2"/>
      </object_component>
      <object_component id="oc-88e">
         <name>.text:CLB_isBaseValid</name>
         <load_address>0x8285d</load_address>
         <run_address>0x8285d</run_address>
         <size>0x23</size>
         <input_file_ref idref="fl-3"/>
      </object_component>
      <object_component id="oc-89f">
         <name>.text:CLB_isBaseValid</name>
         <load_address>0x82880</load_address>
         <run_address>0x82880</run_address>
         <size>0x23</size>
         <input_file_ref idref="fl-10"/>
      </object_component>
      <object_component id="oc-738">
         <name>.text:XBAR_isBaseValid</name>
         <load_address>0x828a3</load_address>
         <run_address>0x828a3</run_address>
         <size>0x23</size>
         <input_file_ref idref="fl-2"/>
      </object_component>
      <object_component id="oc-8dc">
         <name>.text:XBAR_isBaseValid</name>
         <load_address>0x828c6</load_address>
         <run_address>0x828c6</run_address>
         <size>0x23</size>
         <input_file_ref idref="fl-14"/>
      </object_component>
      <object_component id="oc-7dc">
         <name>.text:XBAR_isBaseValid</name>
         <load_address>0x828e9</load_address>
         <run_address>0x828e9</run_address>
         <size>0x23</size>
         <input_file_ref idref="fl-1b"/>
      </object_component>
      <object_component id="oc-139">
         <name>.text:main</name>
         <load_address>0x8290c</load_address>
         <run_address>0x8290c</run_address>
         <size>0x23</size>
         <input_file_ref idref="fl-6"/>
      </object_component>
      <object_component id="oc-586">
         <name>.text:CLB_configGPInputMux</name>
         <load_address>0x8292f</load_address>
         <run_address>0x8292f</run_address>
         <size>0x22</size>
         <input_file_ref idref="fl-2"/>
      </object_component>
      <object_component id="oc-55c">
         <name>.text:CLB_setOutputMask</name>
         <load_address>0x82951</load_address>
         <run_address>0x82951</run_address>
         <size>0x22</size>
         <input_file_ref idref="fl-2"/>
      </object_component>
      <object_component id="oc-37a">
         <name>.text:EPWM_setCounterCompareValue</name>
         <load_address>0x82973</load_address>
         <run_address>0x82973</run_address>
         <size>0x22</size>
         <input_file_ref idref="fl-2"/>
      </object_component>
      <object_component id="oc-54e">
         <name>.text:ADC_disableContinuousMode</name>
         <load_address>0x82995</load_address>
         <run_address>0x82995</run_address>
         <size>0x21</size>
         <input_file_ref idref="fl-2"/>
      </object_component>
      <object_component id="oc-554">
         <name>.text:ADC_enableInterrupt</name>
         <load_address>0x829b6</load_address>
         <run_address>0x829b6</run_address>
         <size>0x20</size>
         <input_file_ref idref="fl-2"/>
      </object_component>
      <object_component id="oc-79e">
         <name>.text:CLB_configFSMNextState</name>
         <load_address>0x829d6</load_address>
         <run_address>0x829d6</run_address>
         <size>0x1f</size>
         <input_file_ref idref="fl-3"/>
      </object_component>
      <object_component id="oc-7d1">
         <name>.text:CLB_programHLCInstruction</name>
         <load_address>0x829f5</load_address>
         <run_address>0x829f5</run_address>
         <size>0x1f</size>
         <input_file_ref idref="fl-3"/>
      </object_component>
      <object_component id="oc-61d">
         <name>.text:DAC_setShadowValue</name>
         <load_address>0x82a14</load_address>
         <run_address>0x82a14</run_address>
         <size>0x1f</size>
         <input_file_ref idref="fl-2"/>
      </object_component>
      <object_component id="oc-3a4">
         <name>.text:EPWM_setFallingEdgeDelayCountShadowLoadMode</name>
         <load_address>0x82a33</load_address>
         <run_address>0x82a33</run_address>
         <size>0x1f</size>
         <input_file_ref idref="fl-2"/>
      </object_component>
      <object_component id="oc-398">
         <name>.text:EPWM_setRisingEdgeDelayCountShadowLoadMode</name>
         <load_address>0x82a52</load_address>
         <run_address>0x82a52</run_address>
         <size>0x1f</size>
         <input_file_ref idref="fl-2"/>
      </object_component>
      <object_component id="oc-272">
         <name>.text:Flash_writeTrims</name>
         <load_address>0x82a71</load_address>
         <run_address>0x82a71</run_address>
         <size>0x1f</size>
         <input_file_ref idref="fl-13"/>
      </object_component>
      <object_component id="oc-328">
         <name>.text:myCLB_OUTPUTXBAR1_init</name>
         <load_address>0x82a90</load_address>
         <run_address>0x82a90</run_address>
         <size>0x1f</size>
         <input_file_ref idref="fl-2"/>
      </object_component>
      <object_component id="oc-7aa">
         <name>.text:CLB_selectCounterInputs</name>
         <load_address>0x82aaf</load_address>
         <run_address>0x82aaf</run_address>
         <size>0x1e</size>
         <input_file_ref idref="fl-3"/>
      </object_component>
      <object_component id="oc-4c0">
         <name>.text:DCC_setCounter0ClkSource</name>
         <load_address>0x82acd</load_address>
         <run_address>0x82acd</run_address>
         <size>0x1e</size>
         <input_file_ref idref="fl-19"/>
      </object_component>
      <object_component id="oc-4c6">
         <name>.text:DCC_setCounter1ClkSource</name>
         <load_address>0x82aeb</load_address>
         <run_address>0x82aeb</run_address>
         <size>0x1e</size>
         <input_file_ref idref="fl-19"/>
      </object_component>
      <object_component id="oc-374">
         <name>.text:EPWM_setPhaseShift</name>
         <load_address>0x82b09</load_address>
         <run_address>0x82b09</run_address>
         <size>0x1e</size>
         <input_file_ref idref="fl-2"/>
      </object_component>
      <object_component id="oc-58">
         <name>.text:Interrupt_initVectorTable</name>
         <load_address>0x82b27</load_address>
         <run_address>0x82b27</run_address>
         <size>0x1e</size>
         <input_file_ref idref="fl-15"/>
      </object_component>
      <object_component id="oc-322">
         <name>.text:myCLB_OUTPUTXBAR0_init</name>
         <load_address>0x82b45</load_address>
         <run_address>0x82b45</run_address>
         <size>0x1e</size>
         <input_file_ref idref="fl-2"/>
      </object_component>
      <object_component id="oc-50b">
         <name>.text:ADC_setMode</name>
         <load_address>0x82b63</load_address>
         <run_address>0x82b63</run_address>
         <size>0x1d</size>
         <input_file_ref idref="fl-f"/>
      </object_component>
      <object_component id="oc-698">
         <name>.text:SCI_enableFIFO</name>
         <load_address>0x82b80</load_address>
         <run_address>0x82b80</run_address>
         <size>0x1d</size>
         <input_file_ref idref="fl-2"/>
      </object_component>
      <object_component id="oc-349">
         <name>.text:myDAC0_init</name>
         <load_address>0x82b9d</load_address>
         <run_address>0x82b9d</run_address>
         <size>0x1d</size>
         <input_file_ref idref="fl-2"/>
      </object_component>
      <object_component id="oc-34f">
         <name>.text:myDAC1_init</name>
         <load_address>0x82bba</load_address>
         <run_address>0x82bba</run_address>
         <size>0x1d</size>
         <input_file_ref idref="fl-2"/>
      </object_component>
      <object_component id="oc-78">
         <name>.text</name>
         <load_address>0x82bd7</load_address>
         <run_address>0x82bd7</run_address>
         <size>0x1d</size>
         <input_file_ref idref="fl-29"/>
      </object_component>
      <object_component id="oc-52f">
         <name>.text:ADC_setSOCPriority</name>
         <load_address>0x82bf4</load_address>
         <run_address>0x82bf4</run_address>
         <size>0x1c</size>
         <input_file_ref idref="fl-2"/>
      </object_component>
      <object_component id="oc-56e">
         <name>.text:CLB_configSPIBufferLoadSignal</name>
         <load_address>0x82c10</load_address>
         <run_address>0x82c10</run_address>
         <size>0x1c</size>
         <input_file_ref idref="fl-2"/>
      </object_component>
      <object_component id="oc-574">
         <name>.text:CLB_configSPIBufferShift</name>
         <load_address>0x82c2c</load_address>
         <run_address>0x82c2c</run_address>
         <size>0x1c</size>
         <input_file_ref idref="fl-2"/>
      </object_component>
      <object_component id="oc-356">
         <name>.text:EPWM_setClockPrescaler</name>
         <load_address>0x82c48</load_address>
         <run_address>0x82c48</run_address>
         <size>0x1c</size>
         <input_file_ref idref="fl-2"/>
      </object_component>
      <object_component id="oc-786">
         <name>.text:CLB_configAOC</name>
         <load_address>0x82c64</load_address>
         <run_address>0x82c64</run_address>
         <size>0x1b</size>
         <input_file_ref idref="fl-3"/>
      </object_component>
      <object_component id="oc-780">
         <name>.text:CLB_configOutputLUT</name>
         <load_address>0x82c7f</load_address>
         <run_address>0x82c7f</run_address>
         <size>0x1b</size>
         <input_file_ref idref="fl-3"/>
      </object_component>
      <object_component id="oc-83d">
         <name>.text:SPI_isBaseValid</name>
         <load_address>0x82c9a</load_address>
         <run_address>0x82c9a</run_address>
         <size>0x1b</size>
         <input_file_ref idref="fl-2"/>
      </object_component>
      <object_component id="oc-844">
         <name>.text:SPI_isBaseValid</name>
         <load_address>0x82cb5</load_address>
         <run_address>0x82cb5</run_address>
         <size>0x1b</size>
         <input_file_ref idref="fl-18"/>
      </object_component>
      <object_component id="oc-860">
         <name>.text:UART_enableModule</name>
         <load_address>0x82cd0</load_address>
         <run_address>0x82cd0</run_address>
         <size>0x1b</size>
         <input_file_ref idref="fl-1a"/>
      </object_component>
      <object_component id="oc-7a4">
         <name>.text:CLB_configFSMLUTFunction</name>
         <load_address>0x82ceb</load_address>
         <run_address>0x82ceb</run_address>
         <size>0x1a</size>
         <input_file_ref idref="fl-3"/>
      </object_component>
      <object_component id="oc-792">
         <name>.text:CLB_configLUT4Function</name>
         <load_address>0x82d05</load_address>
         <run_address>0x82d05</run_address>
         <size>0x1a</size>
         <input_file_ref idref="fl-3"/>
      </object_component>
      <object_component id="oc-598">
         <name>.text:CLB_disableInputPipelineMode</name>
         <load_address>0x82d1f</load_address>
         <run_address>0x82d1f</run_address>
         <size>0x1a</size>
         <input_file_ref idref="fl-2"/>
      </object_component>
      <object_component id="oc-5fe">
         <name>.text:CPUTimer_startTimer</name>
         <load_address>0x82d39</load_address>
         <run_address>0x82d39</run_address>
         <size>0x1a</size>
         <input_file_ref idref="fl-2"/>
      </object_component>
      <object_component id="oc-724">
         <name>.text:DCC_isBaseValid</name>
         <load_address>0x82d53</load_address>
         <run_address>0x82d53</run_address>
         <size>0x1a</size>
         <input_file_ref idref="fl-19"/>
      </object_component>
      <object_component id="oc-386">
         <name>.text:EPWM_disableActionQualifierShadowLoadMode</name>
         <load_address>0x82d6d</load_address>
         <run_address>0x82d6d</run_address>
         <size>0x1a</size>
         <input_file_ref idref="fl-2"/>
      </object_component>
      <object_component id="oc-6ca">
         <name>.text:SPI_setEmulationMode</name>
         <load_address>0x82d87</load_address>
         <run_address>0x82d87</run_address>
         <size>0x1a</size>
         <input_file_ref idref="fl-2"/>
      </object_component>
      <object_component id="oc-6b2">
         <name>.text:SPI_setPTESignalPolarity</name>
         <load_address>0x82da1</load_address>
         <run_address>0x82da1</run_address>
         <size>0x1a</size>
         <input_file_ref idref="fl-2"/>
      </object_component>
      <object_component id="oc-1c4">
         <name>.text:SysCtl_getLowSpeedClock</name>
         <load_address>0x82dbb</load_address>
         <run_address>0x82dbb</run_address>
         <size>0x1a</size>
         <input_file_ref idref="fl-19"/>
      </object_component>
      <object_component id="oc-3f9">
         <name>.text:RELAY_init</name>
         <load_address>0x82dd5</load_address>
         <run_address>0x82dd5</run_address>
         <size>0x19</size>
         <input_file_ref idref="fl-2"/>
      </object_component>
      <object_component id="oc-299">
         <name>.text:SysCtl_setPLLSysClk</name>
         <load_address>0x82dee</load_address>
         <run_address>0x82dee</run_address>
         <size>0x19</size>
         <input_file_ref idref="fl-19"/>
      </object_component>
      <object_component id="oc-c5">
         <name>.text</name>
         <load_address>0x82e07</load_address>
         <run_address>0x82e07</run_address>
         <size>0x19</size>
         <input_file_ref idref="fl-27"/>
      </object_component>
      <object_component id="oc-301">
         <name>.text:ASysCtl_setAnalogReferenceExternal</name>
         <load_address>0x82e20</load_address>
         <run_address>0x82e20</run_address>
         <size>0x18</size>
         <input_file_ref idref="fl-2"/>
      </object_component>
      <object_component id="oc-3aa">
         <name>.text:EPWM_disableFallingEdgeDelayCountShadowLoadMode</name>
         <load_address>0x82e38</load_address>
         <run_address>0x82e38</run_address>
         <size>0x18</size>
         <input_file_ref idref="fl-2"/>
      </object_component>
      <object_component id="oc-39e">
         <name>.text:EPWM_disableRisingEdgeDelayCountShadowLoadMode</name>
         <load_address>0x82e50</load_address>
         <run_address>0x82e50</run_address>
         <size>0x18</size>
         <input_file_ref idref="fl-2"/>
      </object_component>
      <object_component id="oc-82b">
         <name>.text:SCI_disableModule</name>
         <load_address>0x82e68</load_address>
         <run_address>0x82e68</run_address>
         <size>0x18</size>
         <input_file_ref idref="fl-17"/>
      </object_component>
      <object_component id="oc-68c">
         <name>.text:SCI_performSoftwareReset</name>
         <load_address>0x82e80</load_address>
         <run_address>0x82e80</run_address>
         <size>0x18</size>
         <input_file_ref idref="fl-2"/>
      </object_component>
      <object_component id="oc-819">
         <name>.text:SCI_performSoftwareReset</name>
         <load_address>0x82e98</load_address>
         <run_address>0x82e98</run_address>
         <size>0x18</size>
         <input_file_ref idref="fl-17"/>
      </object_component>
      <object_component id="oc-67a">
         <name>.text:SCI_resetChannels</name>
         <load_address>0x82eb0</load_address>
         <run_address>0x82eb0</run_address>
         <size>0x18</size>
         <input_file_ref idref="fl-2"/>
      </object_component>
      <object_component id="oc-674">
         <name>.text:SCI_resetRxFIFO</name>
         <load_address>0x82ec8</load_address>
         <run_address>0x82ec8</run_address>
         <size>0x18</size>
         <input_file_ref idref="fl-2"/>
      </object_component>
      <object_component id="oc-66e">
         <name>.text:SCI_resetTxFIFO</name>
         <load_address>0x82ee0</load_address>
         <run_address>0x82ee0</run_address>
         <size>0x18</size>
         <input_file_ref idref="fl-2"/>
      </object_component>
      <object_component id="oc-6b8">
         <name>.text:SPI_enableFIFO</name>
         <load_address>0x82ef8</load_address>
         <run_address>0x82ef8</run_address>
         <size>0x18</size>
         <input_file_ref idref="fl-2"/>
      </object_component>
      <object_component id="oc-748">
         <name>.text:ADC_isBaseValid</name>
         <load_address>0x82f10</load_address>
         <run_address>0x82f10</run_address>
         <size>0x17</size>
         <input_file_ref idref="fl-2"/>
      </object_component>
      <object_component id="oc-73f">
         <name>.text:ADC_isBaseValid</name>
         <load_address>0x82f27</load_address>
         <run_address>0x82f27</run_address>
         <size>0x17</size>
         <input_file_ref idref="fl-f"/>
      </object_component>
      <object_component id="oc-58c">
         <name>.text:CLB_enableSynchronization</name>
         <load_address>0x82f3e</load_address>
         <run_address>0x82f3e</run_address>
         <size>0x17</size>
         <input_file_ref idref="fl-2"/>
      </object_component>
      <object_component id="oc-7f1">
         <name>.text:CPUTimer_isBaseValid</name>
         <load_address>0x82f55</load_address>
         <run_address>0x82f55</run_address>
         <size>0x17</size>
         <input_file_ref idref="fl-2"/>
      </object_component>
      <object_component id="oc-7e8">
         <name>.text:CPUTimer_isBaseValid</name>
         <load_address>0x82f6c</load_address>
         <run_address>0x82f6c</run_address>
         <size>0x17</size>
         <input_file_ref idref="fl-11"/>
      </object_component>
      <object_component id="oc-5e0">
         <name>.text:CPUTimer_setPreScaler</name>
         <load_address>0x82f83</load_address>
         <run_address>0x82f83</run_address>
         <size>0x17</size>
         <input_file_ref idref="fl-2"/>
      </object_component>
      <object_component id="oc-2ab">
         <name>.text:SysCtl_enablePeripheral</name>
         <load_address>0x82f9a</load_address>
         <run_address>0x82f9a</run_address>
         <size>0x17</size>
         <input_file_ref idref="fl-7"/>
      </object_component>
      <object_component id="oc-49c">
         <name>.text:SysCtl_enablePeripheral</name>
         <load_address>0x82fb1</load_address>
         <run_address>0x82fb1</run_address>
         <size>0x17</size>
         <input_file_ref idref="fl-19"/>
      </object_component>
      <object_component id="oc-6dd">
         <name>.text:UART_disableFIFO</name>
         <load_address>0x82fc8</load_address>
         <run_address>0x82fc8</run_address>
         <size>0x17</size>
         <input_file_ref idref="fl-2"/>
      </object_component>
      <object_component id="oc-6ef">
         <name>.text:UART_disableLoopback</name>
         <load_address>0x82fdf</load_address>
         <run_address>0x82fdf</run_address>
         <size>0x17</size>
         <input_file_ref idref="fl-2"/>
      </object_component>
      <object_component id="oc-886">
         <name>.text:ADC_selectOffsetTrimMode</name>
         <load_address>0x82ff6</load_address>
         <run_address>0x82ff6</run_address>
         <size>0x16</size>
         <input_file_ref idref="fl-f"/>
      </object_component>
      <object_component id="oc-517">
         <name>.text:ADC_setInterruptCycleOffset</name>
         <load_address>0x8300c</load_address>
         <run_address>0x8300c</run_address>
         <size>0x16</size>
         <input_file_ref idref="fl-2"/>
      </object_component>
      <object_component id="oc-511">
         <name>.text:ADC_setInterruptPulseMode</name>
         <load_address>0x83022</load_address>
         <run_address>0x83022</run_address>
         <size>0x16</size>
         <input_file_ref idref="fl-2"/>
      </object_component>
      <object_component id="oc-505">
         <name>.text:ADC_setPrescaler</name>
         <load_address>0x83038</load_address>
         <run_address>0x83038</run_address>
         <size>0x16</size>
         <input_file_ref idref="fl-2"/>
      </object_component>
      <object_component id="oc-77a">
         <name>.text:CLB_disablePipelineMode</name>
         <load_address>0x8304e</load_address>
         <run_address>0x8304e</run_address>
         <size>0x16</size>
         <input_file_ref idref="fl-3"/>
      </object_component>
      <object_component id="oc-5aa">
         <name>.text:CLB_enableCLB</name>
         <load_address>0x83064</load_address>
         <run_address>0x83064</run_address>
         <size>0x16</size>
         <input_file_ref idref="fl-2"/>
      </object_component>
      <object_component id="oc-611">
         <name>.text:DAC_setLoadMode</name>
         <load_address>0x8307a</load_address>
         <run_address>0x8307a</run_address>
         <size>0x16</size>
         <input_file_ref idref="fl-2"/>
      </object_component>
      <object_component id="oc-4ba">
         <name>.text:DCC_disableDoneSignal</name>
         <load_address>0x83090</load_address>
         <run_address>0x83090</run_address>
         <size>0x16</size>
         <input_file_ref idref="fl-19"/>
      </object_component>
      <object_component id="oc-57">
         <name>.text:Interrupt_defaultHandler</name>
         <load_address>0x830a6</load_address>
         <run_address>0x830a6</run_address>
         <size>0x16</size>
         <input_file_ref idref="fl-15"/>
      </object_component>
      <object_component id="oc-529">
         <name>.text:ADC_disableBurstMode</name>
         <load_address>0x830bc</load_address>
         <run_address>0x830bc</run_address>
         <size>0x15</size>
         <input_file_ref idref="fl-2"/>
      </object_component>
      <object_component id="oc-7bc">
         <name>.text:CLB_configCounterTapSelects</name>
         <load_address>0x830d1</load_address>
         <run_address>0x830d1</run_address>
         <size>0x15</size>
         <input_file_ref idref="fl-3"/>
      </object_component>
      <object_component id="oc-7c2">
         <name>.text:CLB_configHLCEventSelect</name>
         <load_address>0x830e6</load_address>
         <run_address>0x830e6</run_address>
         <size>0x15</size>
         <input_file_ref idref="fl-3"/>
      </object_component>
      <object_component id="oc-7b0">
         <name>.text:CLB_configMiscCtrlModes</name>
         <load_address>0x830fb</load_address>
         <run_address>0x830fb</run_address>
         <size>0x15</size>
         <input_file_ref idref="fl-3"/>
      </object_component>
      <object_component id="oc-568">
         <name>.text:CLB_disableSPIBufferAccess</name>
         <load_address>0x83110</load_address>
         <run_address>0x83110</run_address>
         <size>0x15</size>
         <input_file_ref idref="fl-2"/>
      </object_component>
      <object_component id="oc-562">
         <name>.text:CLB_enableOutputMaskUpdates</name>
         <load_address>0x83125</load_address>
         <run_address>0x83125</run_address>
         <size>0x15</size>
         <input_file_ref idref="fl-2"/>
      </object_component>
      <object_component id="oc-5ec">
         <name>.text:CPUTimer_enableInterrupt</name>
         <load_address>0x8313a</load_address>
         <run_address>0x8313a</run_address>
         <size>0x15</size>
         <input_file_ref idref="fl-2"/>
      </object_component>
      <object_component id="oc-617">
         <name>.text:DAC_enableOutput</name>
         <load_address>0x8314f</load_address>
         <run_address>0x8314f</run_address>
         <size>0x15</size>
         <input_file_ref idref="fl-2"/>
      </object_component>
      <object_component id="oc-60b">
         <name>.text:DAC_setGainMode</name>
         <load_address>0x83164</load_address>
         <run_address>0x83164</run_address>
         <size>0x15</size>
         <input_file_ref idref="fl-2"/>
      </object_component>
      <object_component id="oc-605">
         <name>.text:DAC_setReferenceVoltage</name>
         <load_address>0x83179</load_address>
         <run_address>0x83179</run_address>
         <size>0x15</size>
         <input_file_ref idref="fl-2"/>
      </object_component>
      <object_component id="oc-4a8">
         <name>.text:DCC_clearDoneFlag</name>
         <load_address>0x8318e</load_address>
         <run_address>0x8318e</run_address>
         <size>0x15</size>
         <input_file_ref idref="fl-19"/>
      </object_component>
      <object_component id="oc-4a2">
         <name>.text:DCC_clearErrorFlag</name>
         <load_address>0x831a3</load_address>
         <run_address>0x831a3</run_address>
         <size>0x15</size>
         <input_file_ref idref="fl-19"/>
      </object_component>
      <object_component id="oc-4b4">
         <name>.text:DCC_disableErrorSignal</name>
         <load_address>0x831b8</load_address>
         <run_address>0x831b8</run_address>
         <size>0x15</size>
         <input_file_ref idref="fl-19"/>
      </object_component>
      <object_component id="oc-1d2">
         <name>.text:GPIO_unlockPortConfig</name>
         <load_address>0x831cd</load_address>
         <run_address>0x831cd</run_address>
         <size>0x15</size>
         <input_file_ref idref="fl-7"/>
      </object_component>
      <object_component id="oc-6f5">
         <name>.text:UART_enableModuleNonFIFO</name>
         <load_address>0x831e2</load_address>
         <run_address>0x831e2</run_address>
         <size>0x15</size>
         <input_file_ref idref="fl-2"/>
      </object_component>
      <object_component id="oc-868">
         <name>.text:UART_isBaseValid</name>
         <load_address>0x831f7</load_address>
         <run_address>0x831f7</run_address>
         <size>0x15</size>
         <input_file_ref idref="fl-2"/>
      </object_component>
      <object_component id="oc-853">
         <name>.text:UART_isBaseValid</name>
         <load_address>0x8320c</load_address>
         <run_address>0x8320c</run_address>
         <size>0x15</size>
         <input_file_ref idref="fl-1a"/>
      </object_component>
      <object_component id="oc-548">
         <name>.text:ADC_clearInterruptStatus</name>
         <load_address>0x83221</load_address>
         <run_address>0x83221</run_address>
         <size>0x14</size>
         <input_file_ref idref="fl-2"/>
      </object_component>
      <object_component id="oc-3e1">
         <name>.text:CC_A_init</name>
         <load_address>0x83235</load_address>
         <run_address>0x83235</run_address>
         <size>0x14</size>
         <input_file_ref idref="fl-2"/>
      </object_component>
      <object_component id="oc-3e7">
         <name>.text:CC_B_init</name>
         <load_address>0x83249</load_address>
         <run_address>0x83249</run_address>
         <size>0x14</size>
         <input_file_ref idref="fl-2"/>
      </object_component>
      <object_component id="oc-3ed">
         <name>.text:CC_C_init</name>
         <load_address>0x8325d</load_address>
         <run_address>0x8325d</run_address>
         <size>0x14</size>
         <input_file_ref idref="fl-2"/>
      </object_component>
      <object_component id="oc-3f3">
         <name>.text:CC_D_init</name>
         <load_address>0x83271</load_address>
         <run_address>0x83271</run_address>
         <size>0x14</size>
         <input_file_ref idref="fl-2"/>
      </object_component>
      <object_component id="oc-59e">
         <name>.text:CLB_setGPREG</name>
         <load_address>0x83285</load_address>
         <run_address>0x83285</run_address>
         <size>0x14</size>
         <input_file_ref idref="fl-2"/>
      </object_component>
      <object_component id="oc-5f8">
         <name>.text:CPUTimer_reloadTimerCounter</name>
         <load_address>0x83299</load_address>
         <run_address>0x83299</run_address>
         <size>0x14</size>
         <input_file_ref idref="fl-2"/>
      </object_component>
      <object_component id="oc-5f2">
         <name>.text:CPUTimer_stopTimer</name>
         <load_address>0x832ad</load_address>
         <run_address>0x832ad</run_address>
         <size>0x14</size>
         <input_file_ref idref="fl-2"/>
      </object_component>
      <object_component id="oc-4ae">
         <name>.text:DCC_disableModule</name>
         <load_address>0x832c1</load_address>
         <run_address>0x832c1</run_address>
         <size>0x14</size>
         <input_file_ref idref="fl-19"/>
      </object_component>
      <object_component id="oc-4d8">
         <name>.text:DCC_enableModule</name>
         <load_address>0x832d5</load_address>
         <run_address>0x832d5</run_address>
         <size>0x14</size>
         <input_file_ref idref="fl-19"/>
      </object_component>
      <object_component id="oc-411">
         <name>.text:ENC_A_init</name>
         <load_address>0x832e9</load_address>
         <run_address>0x832e9</run_address>
         <size>0x14</size>
         <input_file_ref idref="fl-2"/>
      </object_component>
      <object_component id="oc-40b">
         <name>.text:ENC_B_init</name>
         <load_address>0x832fd</load_address>
         <run_address>0x832fd</run_address>
         <size>0x14</size>
         <input_file_ref idref="fl-2"/>
      </object_component>
      <object_component id="oc-368">
         <name>.text:EPWM_setTimeBaseCounterMode</name>
         <load_address>0x83311</load_address>
         <run_address>0x83311</run_address>
         <size>0x14</size>
         <input_file_ref idref="fl-2"/>
      </object_component>
      <object_component id="oc-35c">
         <name>.text:EPWM_setTimeBasePeriod</name>
         <load_address>0x83325</load_address>
         <run_address>0x83325</run_address>
         <size>0x14</size>
         <input_file_ref idref="fl-2"/>
      </object_component>
      <object_component id="oc-417">
         <name>.text:FAN_TACH_init</name>
         <load_address>0x83339</load_address>
         <run_address>0x83339</run_address>
         <size>0x14</size>
         <input_file_ref idref="fl-2"/>
      </object_component>
      <object_component id="oc-80b">
         <name>.text:GPIO_isPinValid</name>
         <load_address>0x8334d</load_address>
         <run_address>0x8334d</run_address>
         <size>0x14</size>
         <input_file_ref idref="fl-2"/>
      </object_component>
      <object_component id="oc-4e7">
         <name>.text:GPIO_isPinValid</name>
         <load_address>0x83361</load_address>
         <run_address>0x83361</run_address>
         <size>0x14</size>
         <input_file_ref idref="fl-14"/>
      </object_component>
      <object_component id="oc-23d">
         <name>.text:GPIO_isPinValid</name>
         <load_address>0x83375</load_address>
         <run_address>0x83375</run_address>
         <size>0x14</size>
         <input_file_ref idref="fl-6"/>
      </object_component>
      <object_component id="oc-42f">
         <name>.text:IGBT_DRIVE_init</name>
         <load_address>0x83389</load_address>
         <run_address>0x83389</run_address>
         <size>0x14</size>
         <input_file_ref idref="fl-2"/>
      </object_component>
      <object_component id="oc-3b7">
         <name>.text:LED_2_GPIO_init</name>
         <load_address>0x8339d</load_address>
         <run_address>0x8339d</run_address>
         <size>0x14</size>
         <input_file_ref idref="fl-2"/>
      </object_component>
      <object_component id="oc-3b1">
         <name>.text:LED_GPIO_init</name>
         <load_address>0x833b1</load_address>
         <run_address>0x833b1</run_address>
         <size>0x14</size>
         <input_file_ref idref="fl-2"/>
      </object_component>
      <object_component id="oc-3d5">
         <name>.text:OC_A_init</name>
         <load_address>0x833c5</load_address>
         <run_address>0x833c5</run_address>
         <size>0x14</size>
         <input_file_ref idref="fl-2"/>
      </object_component>
      <object_component id="oc-3db">
         <name>.text:OC_B_init</name>
         <load_address>0x833d9</load_address>
         <run_address>0x833d9</run_address>
         <size>0x14</size>
         <input_file_ref idref="fl-2"/>
      </object_component>
      <object_component id="oc-41d">
         <name>.text:OC_C_init</name>
         <load_address>0x833ed</load_address>
         <run_address>0x833ed</run_address>
         <size>0x14</size>
         <input_file_ref idref="fl-2"/>
      </object_component>
      <object_component id="oc-423">
         <name>.text:OC_D_init</name>
         <load_address>0x83401</load_address>
         <run_address>0x83401</run_address>
         <size>0x14</size>
         <input_file_ref idref="fl-2"/>
      </object_component>
      <object_component id="oc-3ff">
         <name>.text:PFC_init</name>
         <load_address>0x83415</load_address>
         <run_address>0x83415</run_address>
         <size>0x14</size>
         <input_file_ref idref="fl-2"/>
      </object_component>
      <object_component id="oc-3bd">
         <name>.text:PS1_init</name>
         <load_address>0x83429</load_address>
         <run_address>0x83429</run_address>
         <size>0x14</size>
         <input_file_ref idref="fl-2"/>
      </object_component>
      <object_component id="oc-429">
         <name>.text:PS2_init</name>
         <load_address>0x8343d</load_address>
         <run_address>0x8343d</run_address>
         <size>0x14</size>
         <input_file_ref idref="fl-2"/>
      </object_component>
      <object_component id="oc-3c3">
         <name>.text:PS3_init</name>
         <load_address>0x83451</load_address>
         <run_address>0x83451</run_address>
         <size>0x14</size>
         <input_file_ref idref="fl-2"/>
      </object_component>
      <object_component id="oc-3c9">
         <name>.text:PS4_init</name>
         <load_address>0x83465</load_address>
         <run_address>0x83465</run_address>
         <size>0x14</size>
         <input_file_ref idref="fl-2"/>
      </object_component>
      <object_component id="oc-3cf">
         <name>.text:PS5_init</name>
         <load_address>0x83479</load_address>
         <run_address>0x83479</run_address>
         <size>0x14</size>
         <input_file_ref idref="fl-2"/>
      </object_component>
      <object_component id="oc-405">
         <name>.text:SW_init</name>
         <load_address>0x8348d</load_address>
         <run_address>0x8348d</run_address>
         <size>0x14</size>
         <input_file_ref idref="fl-2"/>
      </object_component>
      <object_component id="oc-6e9">
         <name>.text:UART_enableInterrupt</name>
         <load_address>0x834a1</load_address>
         <run_address>0x834a1</run_address>
         <size>0x14</size>
         <input_file_ref idref="fl-2"/>
      </object_component>
      <object_component id="oc-523">
         <name>.text:ADC_enableAltDMATiming</name>
         <load_address>0x834b5</load_address>
         <run_address>0x834b5</run_address>
         <size>0x13</size>
         <input_file_ref idref="fl-2"/>
      </object_component>
      <object_component id="oc-51d">
         <name>.text:ADC_enableConverter</name>
         <load_address>0x834c8</load_address>
         <run_address>0x834c8</run_address>
         <size>0x13</size>
         <input_file_ref idref="fl-2"/>
      </object_component>
      <object_component id="oc-5da">
         <name>.text:CPUTimer_setEmulationMode</name>
         <load_address>0x834db</load_address>
         <run_address>0x834db</run_address>
         <size>0x13</size>
         <input_file_ref idref="fl-11"/>
      </object_component>
      <object_component id="oc-7fd">
         <name>.text:DAC_isBaseValid</name>
         <load_address>0x834ee</load_address>
         <run_address>0x834ee</run_address>
         <size>0x13</size>
         <input_file_ref idref="fl-2"/>
      </object_component>
      <object_component id="oc-668">
         <name>.text:SCI_clearOverflowStatus</name>
         <load_address>0x83501</load_address>
         <run_address>0x83501</run_address>
         <size>0x13</size>
         <input_file_ref idref="fl-2"/>
      </object_component>
      <object_component id="oc-69e">
         <name>.text:SCI_enableModule</name>
         <load_address>0x83514</load_address>
         <run_address>0x83514</run_address>
         <size>0x13</size>
         <input_file_ref idref="fl-2"/>
      </object_component>
      <object_component id="oc-831">
         <name>.text:SCI_enableModule</name>
         <load_address>0x83527</load_address>
         <run_address>0x83527</run_address>
         <size>0x13</size>
         <input_file_ref idref="fl-17"/>
      </object_component>
      <object_component id="oc-821">
         <name>.text:SCI_isBaseValid</name>
         <load_address>0x8353a</load_address>
         <run_address>0x8353a</run_address>
         <size>0x13</size>
         <input_file_ref idref="fl-2"/>
      </object_component>
      <object_component id="oc-812">
         <name>.text:SCI_isBaseValid</name>
         <load_address>0x8354d</load_address>
         <run_address>0x8354d</run_address>
         <size>0x13</size>
         <input_file_ref idref="fl-17"/>
      </object_component>
      <object_component id="oc-6e3">
         <name>.text:UART_clearInterruptStatus</name>
         <load_address>0x83560</load_address>
         <run_address>0x83560</run_address>
         <size>0x13</size>
         <input_file_ref idref="fl-2"/>
      </object_component>
      <object_component id="oc-362">
         <name>.text:EPWM_setTimeBaseCounter</name>
         <load_address>0x83573</load_address>
         <run_address>0x83573</run_address>
         <size>0x12</size>
         <input_file_ref idref="fl-2"/>
      </object_component>
      <object_component id="oc-2ee">
         <name>.text:SysCtl_setSyncOutputConfig</name>
         <load_address>0x83585</load_address>
         <run_address>0x83585</run_address>
         <size>0x12</size>
         <input_file_ref idref="fl-2"/>
      </object_component>
      <object_component id="oc-5e6">
         <name>.text:CPUTimer_setPeriod</name>
         <load_address>0x83597</load_address>
         <run_address>0x83597</run_address>
         <size>0x11</size>
         <input_file_ref idref="fl-2"/>
      </object_component>
      <object_component id="oc-36e">
         <name>.text:EPWM_disablePhaseShiftLoad</name>
         <load_address>0x835a8</load_address>
         <run_address>0x835a8</run_address>
         <size>0x11</size>
         <input_file_ref idref="fl-2"/>
      </object_component>
      <object_component id="oc-686">
         <name>.text:SCI_disableLoopback</name>
         <load_address>0x835b9</load_address>
         <run_address>0x835b9</run_address>
         <size>0x11</size>
         <input_file_ref idref="fl-2"/>
      </object_component>
      <object_component id="oc-6c4">
         <name>.text:SPI_disableLoopback</name>
         <load_address>0x835ca</load_address>
         <run_address>0x835ca</run_address>
         <size>0x11</size>
         <input_file_ref idref="fl-2"/>
      </object_component>
      <object_component id="oc-6a6">
         <name>.text:SPI_disableModule</name>
         <load_address>0x835db</load_address>
         <run_address>0x835db</run_address>
         <size>0x11</size>
         <input_file_ref idref="fl-2"/>
      </object_component>
      <object_component id="oc-6d0">
         <name>.text:SPI_enableModule</name>
         <load_address>0x835ec</load_address>
         <run_address>0x835ec</run_address>
         <size>0x11</size>
         <input_file_ref idref="fl-2"/>
      </object_component>
      <object_component id="oc-253">
         <name>.text:Flash_isCtrlBaseValid</name>
         <load_address>0x835fd</load_address>
         <run_address>0x835fd</run_address>
         <size>0x10</size>
         <input_file_ref idref="fl-13"/>
      </object_component>
      <object_component id="oc-25a">
         <name>.text:Flash_isECCBaseValid</name>
         <load_address>0x8360d</load_address>
         <run_address>0x8360d</run_address>
         <size>0x10</size>
         <input_file_ref idref="fl-13"/>
      </object_component>
      <object_component id="oc-6fd">
         <name>.text:GPIO_setInterruptType</name>
         <load_address>0x8361d</load_address>
         <run_address>0x8361d</run_address>
         <size>0x10</size>
         <input_file_ref idref="fl-2"/>
      </object_component>
      <object_component id="oc-98">
         <name>.text:Interrupt_register</name>
         <load_address>0x8362d</load_address>
         <run_address>0x8362d</run_address>
         <size>0xf</size>
         <input_file_ref idref="fl-2"/>
      </object_component>
      <object_component id="oc-63">
         <name>.text:Interrupt_unregister</name>
         <load_address>0x8363c</load_address>
         <run_address>0x8363c</run_address>
         <size>0xf</size>
         <input_file_ref idref="fl-16"/>
      </object_component>
      <object_component id="oc-8f0">
         <name>.text:CLB_isAddressValid</name>
         <load_address>0x8364b</load_address>
         <run_address>0x8364b</run_address>
         <size>0xe</size>
         <input_file_ref idref="fl-3"/>
      </object_component>
      <object_component id="oc-8e6">
         <name>.text:CLB_isAddressValid</name>
         <load_address>0x83659</load_address>
         <run_address>0x83659</run_address>
         <size>0xe</size>
         <input_file_ref idref="fl-10"/>
      </object_component>
      <object_component id="oc-5d1">
         <name>.text:XBAR_enableCLBMux</name>
         <load_address>0x83667</load_address>
         <run_address>0x83667</run_address>
         <size>0xe</size>
         <input_file_ref idref="fl-2"/>
      </object_component>
      <object_component id="oc-cd">
         <name>.text:Interrupt_disableGlobal</name>
         <load_address>0x83675</load_address>
         <run_address>0x83675</run_address>
         <size>0xd</size>
         <input_file_ref idref="fl-15"/>
      </object_component>
      <object_component id="oc-d3">
         <name>.text:Interrupt_enableGlobal</name>
         <load_address>0x83682</load_address>
         <run_address>0x83682</run_address>
         <size>0xd</size>
         <input_file_ref idref="fl-15"/>
      </object_component>
      <object_component id="oc-1b1">
         <name>.text:SysCtl_setLowSpeedClock</name>
         <load_address>0x8368f</load_address>
         <run_address>0x8368f</run_address>
         <size>0xd</size>
         <input_file_ref idref="fl-7"/>
      </object_component>
      <object_component id="oc-457">
         <name>.text:PS1_XINT_init</name>
         <load_address>0x8369c</load_address>
         <run_address>0x8369c</run_address>
         <size>0xc</size>
         <input_file_ref idref="fl-2"/>
      </object_component>
      <object_component id="oc-46f">
         <name>.text:PS2_XINT_init</name>
         <load_address>0x836a8</load_address>
         <run_address>0x836a8</run_address>
         <size>0xc</size>
         <input_file_ref idref="fl-2"/>
      </object_component>
      <object_component id="oc-45d">
         <name>.text:PS3_XINT_init</name>
         <load_address>0x836b4</load_address>
         <run_address>0x836b4</run_address>
         <size>0xc</size>
         <input_file_ref idref="fl-2"/>
      </object_component>
      <object_component id="oc-463">
         <name>.text:PS4_XINT_init</name>
         <load_address>0x836c0</load_address>
         <run_address>0x836c0</run_address>
         <size>0xc</size>
         <input_file_ref idref="fl-2"/>
      </object_component>
      <object_component id="oc-469">
         <name>.text:PS5_XINT_init</name>
         <load_address>0x836cc</load_address>
         <run_address>0x836cc</run_address>
         <size>0xc</size>
         <input_file_ref idref="fl-2"/>
      </object_component>
      <object_component id="oc-2f4">
         <name>.text:SysCtl_enableExtADCSOCSource</name>
         <load_address>0x836d8</load_address>
         <run_address>0x836d8</run_address>
         <size>0xc</size>
         <input_file_ref idref="fl-2"/>
      </object_component>
      <object_component id="oc-f5">
         <name>.text</name>
         <load_address>0x836e4</load_address>
         <run_address>0x836e4</run_address>
         <size>0xc</size>
         <input_file_ref idref="fl-31"/>
      </object_component>
      <object_component id="oc-1e0">
         <name>.text:INPUTXBAR_init</name>
         <load_address>0x836f0</load_address>
         <run_address>0x836f0</run_address>
         <size>0xb</size>
         <input_file_ref idref="fl-2"/>
      </object_component>
      <object_component id="oc-19f">
         <name>.text:SysCtl_disableWatchdog</name>
         <load_address>0x836fb</load_address>
         <run_address>0x836fb</run_address>
         <size>0xb</size>
         <input_file_ref idref="fl-7"/>
      </object_component>
      <object_component id="oc-28d">
         <name>.text:SysCtl_isMCDClockFailureDetected</name>
         <load_address>0x83706</load_address>
         <run_address>0x83706</run_address>
         <size>0xb</size>
         <input_file_ref idref="fl-19"/>
      </object_component>
      <object_component id="oc-234">
         <name>.text:XINT_init</name>
         <load_address>0x83711</load_address>
         <run_address>0x83711</run_address>
         <size>0xb</size>
         <input_file_ref idref="fl-2"/>
      </object_component>
      <object_component id="oc-335">
         <name>.text:myCLBXBAR1_init</name>
         <load_address>0x8371c</load_address>
         <run_address>0x8371c</run_address>
         <size>0xb</size>
         <input_file_ref idref="fl-2"/>
      </object_component>
      <object_component id="oc-33b">
         <name>.text:myCLBXBAR2_init</name>
         <load_address>0x83727</load_address>
         <run_address>0x83727</run_address>
         <size>0xb</size>
         <input_file_ref idref="fl-2"/>
      </object_component>
      <object_component id="oc-69">
         <name>.text:Interrupt_illegalOperationHandler</name>
         <load_address>0x83732</load_address>
         <run_address>0x83732</run_address>
         <size>0xa</size>
         <input_file_ref idref="fl-15"/>
      </object_component>
      <object_component id="oc-6f">
         <name>.text:Interrupt_nmiHandler</name>
         <load_address>0x8373c</load_address>
         <run_address>0x8373c</run_address>
         <size>0xa</size>
         <input_file_ref idref="fl-15"/>
      </object_component>
      <object_component id="oc-1e6">
         <name>.text:SYNC_init</name>
         <load_address>0x83746</load_address>
         <run_address>0x83746</run_address>
         <size>0xa</size>
         <input_file_ref idref="fl-2"/>
      </object_component>
      <object_component id="oc-32f">
         <name>.text:myCLBXBAR0_init</name>
         <load_address>0x83750</load_address>
         <run_address>0x83750</run_address>
         <size>0xa</size>
         <input_file_ref idref="fl-2"/>
      </object_component>
      <object_component id="oc-709">
         <name>.text:GPIO_enableInterrupt</name>
         <load_address>0x8375a</load_address>
         <run_address>0x8375a</run_address>
         <size>0x9</size>
         <input_file_ref idref="fl-2"/>
      </object_component>
      <object_component id="oc-18c">
         <name>.text</name>
         <load_address>0x83763</load_address>
         <run_address>0x83763</run_address>
         <size>0x9</size>
         <input_file_ref idref="fl-30"/>
      </object_component>
      <object_component id="oc-755">
         <name>.text:ADC_setOffsetTrim</name>
         <load_address>0x8376c</load_address>
         <run_address>0x8376c</run_address>
         <size>0x8</size>
         <input_file_ref idref="fl-f"/>
      </object_component>
      <object_component id="oc-1b">
         <name>.text:decompress:none</name>
         <load_address>0x83774</load_address>
         <run_address>0x83774</run_address>
         <size>0x8</size>
         <input_file_ref idref="fl-2d"/>
      </object_component>
      <object_component id="oc-8c">
         <name>.text</name>
         <load_address>0x8377c</load_address>
         <run_address>0x8377c</run_address>
         <size>0x8</size>
         <input_file_ref idref="fl-8"/>
      </object_component>
      <object_component id="oc-1f2">
         <name>.text:ADC_init</name>
         <load_address>0x83784</load_address>
         <run_address>0x83784</run_address>
         <size>0x7</size>
         <input_file_ref idref="fl-2"/>
      </object_component>
      <object_component id="oc-2fb">
         <name>.text:ASysCtl_disableTemperatureSensor</name>
         <load_address>0x8378b</load_address>
         <run_address>0x8378b</run_address>
         <size>0x7</size>
         <input_file_ref idref="fl-2"/>
      </object_component>
      <object_component id="oc-204">
         <name>.text:CLBXBAR_init</name>
         <load_address>0x83792</load_address>
         <run_address>0x83792</run_address>
         <size>0x7</size>
         <input_file_ref idref="fl-2"/>
      </object_component>
      <object_component id="oc-71a">
         <name>.text:SysCtl_resetMCD</name>
         <load_address>0x83799</load_address>
         <run_address>0x83799</run_address>
         <size>0x7</size>
         <input_file_ref idref="fl-19"/>
      </object_component>
      <object_component id="oc-1be">
         <name>.text:__error__</name>
         <load_address>0x837a0</load_address>
         <run_address>0x837a0</run_address>
         <size>0x7</size>
         <input_file_ref idref="fl-7"/>
[...]
      <symbol id="sm-5a4">
         <name>myDAC1_init</name>
         <value>0x82bba</value>
         <object_component_ref idref="oc-34f"/>
      </symbol>
      <symbol id="sm-5a5">
         <name>PS1_init</name>
         <value>0x83429</value>
         <object_component_ref idref="oc-3bd"/>
      </symbol>
      <symbol id="sm-5a6">
         <name>PS3_init</name>
         <value>0x83451</value>
         <object_component_ref idref="oc-3c3"/>
      </symbol>
      <symbol id="sm-5a7">
         <name>PS2_init</name>
         <value>0x8343d</value>
         <object_component_ref idref="oc-429"/>
      </symbol>
      <symbol id="sm-5a8">
         <name>PS5_init</name>
         <value>0x83479</value>
         <object_component_ref idref="oc-3cf"/>
      </symbol>
      <symbol id="sm-5a9">
         <name>PS4_init</name>
         <value>0x83465</value>
         <object_component_ref idref="oc-3c9"/>
      </symbol>
      <symbol id="sm-5aa">
         <name>myUART0_init</name>
         <value>0x823de</value>
         <object_component_ref idref="oc-44a"/>
      </symbol>
      <symbol id="sm-5ab">
         <name>myUART1_init</name>
         <value>0x8240e</value>
         <object_component_ref idref="oc-450"/>
      </symbol>
      <symbol id="sm-5ac">
         <name>SCI_init</name>
         <value>0x837e0</value>
         <object_component_ref idref="oc-222"/>
      </symbol>
      <symbol id="sm-5ad">
         <name>Board_init</name>
         <value>0x8273b</value>
         <object_component_ref idref="oc-173"/>
      </symbol>
      <symbol id="sm-5ae">
         <name>myCLB_OUTPUTXBAR0_init</name>
         <value>0x82b45</value>
         <object_component_ref idref="oc-322"/>
      </symbol>
      <symbol id="sm-5af">
         <name>myCLB_OUTPUTXBAR1_init</name>
         <value>0x82a90</value>
         <object_component_ref idref="oc-328"/>
      </symbol>
      <symbol id="sm-5b0">
         <name>XINT_init</name>
         <value>0x83711</value>
         <object_component_ref idref="oc-234"/>
      </symbol>
      <symbol id="sm-5b1">
         <name>CLBXBAR_init</name>
         <value>0x83792</value>
         <object_component_ref idref="oc-204"/>
      </symbol>
      <symbol id="sm-5b2">
         <name>FAN_TACH_init</name>
         <value>0x83339</value>
         <object_component_ref idref="oc-417"/>
      </symbol>
      <symbol id="sm-5b3">
         <name>ENC_A_init</name>
         <value>0x832e9</value>
         <object_component_ref idref="oc-411"/>
      </symbol>
      <symbol id="sm-5b4">
         <name>ENC_B_init</name>
         <value>0x832fd</value>
         <object_component_ref idref="oc-40b"/>
      </symbol>
      <symbol id="sm-5b5">
         <name>GPIO_init</name>
         <value>0x82554</value>
         <object_component_ref idref="oc-21c"/>
      </symbol>
      <symbol id="sm-5b6">
         <name>CC_A_init</name>
         <value>0x83235</value>
         <object_component_ref idref="oc-3e1"/>
      </symbol>
      <symbol id="sm-5b7">
         <name>CC_C_init</name>
         <value>0x8325d</value>
         <object_component_ref idref="oc-3ed"/>
      </symbol>
      <symbol id="sm-5b8">
         <name>CC_B_init</name>
         <value>0x83249</value>
         <object_component_ref idref="oc-3e7"/>
      </symbol>
      <symbol id="sm-5b9">
         <name>CC_D_init</name>
         <value>0x83271</value>
         <object_component_ref idref="oc-3f3"/>
      </symbol>
      <symbol id="sm-5ba">
         <name>myCLBXBAR2_init</name>
         <value>0x83727</value>
         <object_component_ref idref="oc-33b"/>
      </symbol>
      <symbol id="sm-5bb">
         <name>myCLBXBAR0_init</name>
         <value>0x83750</value>
         <object_component_ref idref="oc-32f"/>
      </symbol>
      <symbol id="sm-5bc">
         <name>myCLBXBAR1_init</name>
         <value>0x8371c</value>
         <object_component_ref idref="oc-335"/>
      </symbol>
      <symbol id="sm-5bd">
         <name>CLB_OUTPUTXBAR_init</name>
         <value>0x837d6</value>
         <object_component_ref idref="oc-1fe"/>
      </symbol>
      <symbol id="sm-5be">
         <name>DAC_init</name>
         <value>0x837db</value>
         <object_component_ref idref="oc-210"/>
      </symbol>
      <symbol id="sm-5bf">
         <name>ADC_init</name>
         <value>0x83784</value>
         <object_component_ref idref="oc-1f2"/>
      </symbol>
      <symbol id="sm-5c0">
         <name>myADC2_init</name>
         <value>0x81831</value>
         <object_component_ref idref="oc-314"/>
      </symbol>
      <symbol id="sm-5c1">
         <name>myADC0_init</name>
         <value>0x8155c</value>
         <object_component_ref idref="oc-308"/>
      </symbol>
      <symbol id="sm-5c2">
         <name>myADC1_init</name>
         <value>0x8160f</value>
         <object_component_ref idref="oc-30e"/>
      </symbol>
      <symbol id="sm-5c3">
         <name>SYNC_init</name>
         <value>0x83746</value>
         <object_component_ref idref="oc-1e6"/>
      </symbol>
      <symbol id="sm-5c4">
         <name>OC_A_init</name>
         <value>0x833c5</value>
         <object_component_ref idref="oc-3d5"/>
      </symbol>
      <symbol id="sm-5c5">
         <name>OC_C_init</name>
         <value>0x833ed</value>
         <object_component_ref idref="oc-41d"/>
      </symbol>
      <symbol id="sm-5c6">
         <name>OC_B_init</name>
         <value>0x833d9</value>
         <object_component_ref idref="oc-3db"/>
      </symbol>
      <symbol id="sm-5c7">
         <name>OC_D_init</name>
         <value>0x83401</value>
         <object_component_ref idref="oc-423"/>
      </symbol>
      <symbol id="sm-5c8">
         <name>LED_2_GPIO_init</name>
         <value>0x8339d</value>
         <object_component_ref idref="oc-3b7"/>
      </symbol>
      <symbol id="sm-5c9">
         <name>UART_init</name>
         <value>0x837e5</value>
         <object_component_ref idref="oc-22e"/>
      </symbol>
      <symbol id="sm-5ca">
         <name>LED_GPIO_init</name>
         <value>0x833b1</value>
         <object_component_ref idref="oc-3b1"/>
      </symbol>
      <symbol id="sm-5cb">
         <name>CLB_init</name>
         <value>0x837ea</value>
         <object_component_ref idref="oc-1f8"/>
      </symbol>
      <symbol id="sm-5cc">
         <name>SW_init</name>
         <value>0x8348d</value>
         <object_component_ref idref="oc-405"/>
      </symbol>
      <symbol id="sm-5cd">
         <name>EPWM_init</name>
         <value>0x80a20</value>
         <object_component_ref idref="oc-216"/>
      </symbol>
      <symbol id="sm-5ce">
         <name>mySCI0_init</name>
         <value>0x8217f</value>
         <object_component_ref idref="oc-436"/>
      </symbol>
      <symbol id="sm-5cf">
         <name>mySCI1_init</name>
         <value>0x821bc</value>
         <object_component_ref idref="oc-43c"/>
      </symbol>
      <symbol id="sm-5d0">
         <name>CPUTIMER_init</name>
         <value>0x837ed</value>
         <object_component_ref idref="oc-20a"/>
      </symbol>
      <symbol id="sm-5d1">
         <name>RELAY_init</name>
         <value>0x82dd5</value>
         <object_component_ref idref="oc-3f9"/>
      </symbol>
      <symbol id="sm-5d2">
         <name>PS4_XINT_init</name>
         <value>0x836c0</value>
         <object_component_ref idref="oc-463"/>
      </symbol>
      <symbol id="sm-5d3">
         <name>PS5_XINT_init</name>
         <value>0x836cc</value>
         <object_component_ref idref="oc-469"/>
      </symbol>
      <symbol id="sm-5d4">
         <name>PS2_XINT_init</name>
         <value>0x836a8</value>
         <object_component_ref idref="oc-46f"/>
      </symbol>
      <symbol id="sm-5d5">
         <name>PS3_XINT_init</name>
         <value>0x836b4</value>
         <object_component_ref idref="oc-45d"/>
      </symbol>
      <symbol id="sm-5d6">
         <name>ASYSCTL_init</name>
         <value>0x837ca</value>
         <object_component_ref idref="oc-1ec"/>
      </symbol>
      <symbol id="sm-5d7">
         <name>PS1_XINT_init</name>
         <value>0x8369c</value>
         <object_component_ref idref="oc-457"/>
      </symbol>
      <symbol id="sm-5d8">
         <name>IGBT_DRIVE_init</name>
         <value>0x83389</value>
         <object_component_ref idref="oc-42f"/>
      </symbol>
      <symbol id="sm-5d9">
         <name>myCPUTIMER0_init</name>
         <value>0x82715</value>
         <object_component_ref idref="oc-342"/>
      </symbol>
      <symbol id="sm-68c">
         <name>initTILE0</name>
         <value>0x8146e</value>
         <object_component_ref idref="oc-5a4"/>
      </symbol>
      <symbol id="sm-68d">
         <name>TILE0HLCInstr</name>
         <value>0xa800</value>
         <object_component_ref idref="oc-7ce"/>
      </symbol>
      <symbol id="sm-69b">
         <name>C2000Ware_libraries_init</name>
         <value>0x837f5</value>
         <object_component_ref idref="oc-179"/>
      </symbol>
      <symbol id="sm-6f3">
         <name>INT_myCPUTIMER0_ISR</name>
         <value>0x820c6</value>
         <object_component_ref idref="oc-2d"/>
      </symbol>
      <symbol id="sm-6f4">
         <name>INT_PS4_XINT_ISR</name>
         <value>0x8204a</value>
         <object_component_ref idref="oc-4b"/>
      </symbol>
      <symbol id="sm-6f5">
         <name>INT_PS2_XINT_ISR</name>
         <value>0x81fce</value>
         <object_component_ref idref="oc-3f"/>
      </symbol>
      <symbol id="sm-6f6">
         <name>main</name>
         <value>0x8290c</value>
         <object_component_ref idref="oc-139"/>
      </symbol>
      <symbol id="sm-6f7">
         <name>INT_PS5_XINT_ISR</name>
         <value>0x82088</value>
         <object_component_ref idref="oc-51"/>
      </symbol>
      <symbol id="sm-6f8">
         <name>INT_PS1_XINT_ISR</name>
         <value>0x81f90</value>
         <object_component_ref idref="oc-39"/>
      </symbol>
      <symbol id="sm-6f9">
         <name>INT_PS3_XINT_ISR</name>
         <value>0x8200c</value>
         <object_component_ref idref="oc-45"/>
      </symbol>
      <symbol id="sm-741">
         <name>Device_enableAllPeripherals</name>
         <value>0x80f62</value>
         <object_component_ref idref="oc-1ca"/>
      </symbol>
      <symbol id="sm-742">
         <name>Device_initGPIO</name>
         <value>0x82816</value>
         <object_component_ref idref="oc-167"/>
      </symbol>
      <symbol id="sm-743">
         <name>Device_init</name>
         <value>0x81ce4</value>
         <object_component_ref idref="oc-161"/>
      </symbol>
      <symbol id="sm-744">
         <name>__error__</name>
         <value>0x837a0</value>
         <object_component_ref idref="oc-1be"/>
      </symbol>
      <symbol id="sm-753">
         <name>code_start</name>
         <value>0x80000</value>
         <object_component_ref idref="oc-22"/>
      </symbol>
      <symbol id="sm-7a1">
         <name>ADC_setOffsetTrim</name>
         <value>0x8376c</value>
         <object_component_ref idref="oc-755"/>
      </symbol>
      <symbol id="sm-7a2">
         <name>ADC_setMode</name>
         <value>0x82b63</value>
         <object_component_ref idref="oc-50b"/>
      </symbol>
      <symbol id="sm-7a3">
         <name>ADC_setVREF</name>
         <value>0x81c52</value>
         <object_component_ref idref="oc-4ff"/>
      </symbol>
      <symbol id="sm-7a4">
         <name>ADC_setINLTrim</name>
         <value>0x819e8</value>
         <object_component_ref idref="oc-74f"/>
      </symbol>
      <symbol id="sm-7d8">
         <name>CLB_configCounterLoadMatch</name>
         <value>0x81b05</value>
         <object_component_ref idref="oc-7b6"/>
      </symbol>
      <symbol id="sm-7f2">
         <name>CPUTimer_setEmulationMode</name>
         <value>0x834db</value>
         <object_component_ref idref="oc-5da"/>
      </symbol>
      <symbol id="sm-85a">
         <name>Flash_initModule</name>
         <value>0x8000</value>
         <object_component_ref idref="oc-1a5"/>
      </symbol>
      <symbol id="sm-8d3">
         <name>GPIO_setQualificationMode</name>
         <value>0x822d8</value>
         <object_component_ref idref="oc-2c8"/>
      </symbol>
      <symbol id="sm-8d4">
         <name>GPIO_setPadConfig</name>
         <value>0x81bb1</value>
         <object_component_ref idref="oc-2c2"/>
      </symbol>
      <symbol id="sm-8d5">
         <name>GPIO_setInterruptPin</name>
         <value>0x8226a</value>
         <object_component_ref idref="oc-703"/>
      </symbol>
      <symbol id="sm-8d6">
         <name>GPIO_setAnalogMode</name>
         <value>0x818a3</value>
         <object_component_ref idref="oc-2bc"/>
      </symbol>
      <symbol id="sm-8d7">
         <name>GPIO_setDirectionMode</name>
         <value>0x823ad</value>
         <object_component_ref idref="oc-63a"/>
      </symbol>
      <symbol id="sm-8d8">
         <name>GPIO_setPinConfig</name>
         <value>0x822a1</value>
         <object_component_ref idref="oc-2b6"/>
      </symbol>
      <symbol id="sm-8d9">
         <name>GPIO_setControllerCore</name>
         <value>0x82233</value>
         <object_component_ref idref="oc-640"/>
      </symbol>
      <symbol id="sm-928">
         <name>Interrupt_defaultHandler</name>
         <value>0x830a6</value>
         <object_component_ref idref="oc-57"/>
      </symbol>
      <symbol id="sm-929">
         <name>Interrupt_initModule</name>
         <value>0x82142</value>
         <object_component_ref idref="oc-16d"/>
      </symbol>
      <symbol id="sm-92a">
         <name>Interrupt_nmiHandler</name>
         <value>0x8373c</value>
         <object_component_ref idref="oc-6f"/>
      </symbol>
      <symbol id="sm-92b">
         <name>Interrupt_enable</name>
         <value>0x8230f</value>
         <object_component_ref idref="oc-9e"/>
      </symbol>
      <symbol id="sm-92c">
         <name>Interrupt_initVectorTable</name>
         <value>0x82b27</value>
         <object_component_ref idref="oc-58"/>
      </symbol>
      <symbol id="sm-92d">
         <name>Interrupt_illegalOperationHandler</name>
         <value>0x83732</value>
         <object_component_ref idref="oc-69"/>
      </symbol>
      <symbol id="sm-97e">
         <name>SCI_clearInterruptStatus</name>
         <value>0x81dfe</value>
         <object_component_ref idref="oc-662"/>
      </symbol>
      <symbol id="sm-97f">
         <name>SCI_setConfig</name>
         <value>0x82104</value>
         <object_component_ref idref="oc-680"/>
      </symbol>
      <symbol id="sm-99f">
         <name>SPI_setConfig</name>
         <value>0x81aa9</value>
         <object_component_ref idref="oc-6ac"/>
      </symbol>
      <symbol id="sm-ab7">
         <name>SysCtl_isPLLValid</name>
         <value>0x8134e</value>
         <object_component_ref idref="oc-29f"/>
      </symbol>
      <symbol id="sm-ab8">
         <name>SysCtl_delay</name>
         <value>0x80e7</value>
         <object_component_ref idref="oc-185"/>
      </symbol>
      <symbol id="sm-ab9">
         <name>SysCtl_selectXTALSingleEnded</name>
         <value>0x82785</value>
         <object_component_ref idref="oc-48f"/>
      </symbol>
      <symbol id="sm-aba">
         <name>SysCtl_selectXTAL</name>
         <value>0x81db8</value>
         <object_component_ref idref="oc-489"/>
      </symbol>
      <symbol id="sm-abb">
         <name>SysCtl_selectOscSource</name>
         <value>0x81d2b</value>
         <object_component_ref idref="oc-293"/>
      </symbol>
      <symbol id="sm-abc">
         <name>SysCtl_getLowSpeedClock</name>
         <value>0x82dbb</value>
         <object_component_ref idref="oc-1c4"/>
      </symbol>
      <symbol id="sm-abd">
         <name>SysCtl_setClock</name>
         <value>0x81102</value>
         <object_component_ref idref="oc-1ab"/>
      </symbol>
      <symbol id="sm-abe">
         <name>SysCtl_getClock</name>
         <value>0x81983</value>
         <object_component_ref idref="oc-1b7"/>
      </symbol>
      <symbol id="sm-af0">
         <name>UART_setConfig</name>
         <value>0x81a4c</value>
         <object_component_ref idref="oc-6d7"/>
      </symbol>
      <symbol id="sm-b1c">
         <name>XBAR_setCLBMuxConfig</name>
         <value>0x8246d</value>
         <object_component_ref idref="oc-5cb"/>
      </symbol>
      <symbol id="sm-b1d">
         <name>XBAR_setOutputMuxConfig</name>
         <value>0x8173e</value>
         <object_component_ref idref="oc-5bd"/>
      </symbol>
      <symbol id="sm-b27">
         <name>_c_int00</name>
         <value>0x82e07</value>
         <object_component_ref idref="oc-c5"/>
      </symbol>
      <symbol id="sm-b28">
         <name>__stack</name>
         <value>0x400</value>
         <object_component_ref idref="oc-75"/>
      </symbol>
      <symbol id="sm-b35">
         <name>__c28xabi_divf</name>
         <value>0x816b6</value>
         <object_component_ref idref="oc-497"/>
      </symbol>
      <symbol id="sm-b47">
         <name>memcpy</name>
         <value>0x82bd7</value>
         <object_component_ref idref="oc-78"/>
      </symbol>
      <symbol id="sm-b54">
         <name>_system_pre_init</name>
         <value>0x837f3</value>
         <object_component_ref idref="oc-ee"/>
      </symbol>
      <symbol id="sm-b63">
         <name>__TI_auto_init_nobinit_nopinit</name>
         <value>0x82581</value>
         <object_component_ref idref="oc-109"/>
      </symbol>
      <symbol id="sm-b71">
         <name>__TI_decompress_none</name>
         <value>0x83774</value>
         <object_component_ref idref="oc-1b"/>
      </symbol>
      <symbol id="sm-b85">
         <name>__TI_decompress_lzss</name>
         <value>0x82526</value>
         <object_component_ref idref="oc-15"/>
      </symbol>
      <symbol id="sm-b9b">
         <name>C$$EXIT</name>
         <value>0x8262a</value>
         <object_component_ref idref="oc-fb"/>
      </symbol>
      <symbol id="sm-b9c">
         <name>abort</name>
         <value>0x8262a</value>
         <object_component_ref idref="oc-fb"/>
      </symbol>
      <symbol id="sm-b9d">
         <name>exit</name>
         <value>0x8262c</value>
         <object_component_ref idref="oc-fb"/>
      </symbol>
      <symbol id="sm-b9e">
         <name>__TI_dtors_ptr</name>
         <value>0xa824</value>
         <object_component_ref idref="oc-141"/>
      </symbol>
      <symbol id="sm-b9f">
         <name>__TI_cleanup_ptr</name>
         <value>0xa822</value>
         <object_component_ref idref="oc-141"/>
      </symbol>
      <symbol id="sm-ba0">
         <name>__TI_enable_exit_profile_output</name>
         <value>0xa820</value>
         <object_component_ref idref="oc-141"/>
      </symbol>
      <symbol id="sm-bb7">
         <name>_nop</name>
         <value>0x8376b</value>
         <object_component_ref idref="oc-18c"/>
      </symbol>
      <symbol id="sm-bb8">
         <name>_lock</name>
         <value>0xa826</value>
         <object_component_ref idref="oc-144"/>
      </symbol>
      <symbol id="sm-bb9">
         <name>_unlock</name>
         <value>0xa828</value>
         <object_component_ref idref="oc-245"/>
      </symbol>
      <symbol id="sm-bba">
         <name>_register_lock</name>
         <value>0x83767</value>
         <object_component_ref idref="oc-18c"/>
      </symbol>
      <symbol id="sm-bbb">
         <name>_register_unlock</name>
         <value>0x83763</value>
         <object_component_ref idref="oc-18c"/>
      </symbol>
      <symbol id="sm-bca">
         <name>_args_main</name>
         <value>0x836e4</value>
         <object_component_ref idref="oc-f5"/>
      </symbol>
      <symbol id="sm-bd9">
         <name>_system_post_cinit</name>
         <value>0x837f6</value>
         <object_component_ref idref="oc-14c"/>
      </symbol>
      <symbol id="sm-bdb">
         <name>__c_args__</name>
         <value>0x0</value>
      </symbol>
   </symbol_table>
   <title>Link successful</title>
</link_info>
